INFO: Running Probe 1: Verbatim Recall...
INFO: HTTP Request: POST http://localhost:8013/v1/chat/completions "HTTP/1.1 200 OK"
INFO: HTTP Request: POST http://localhost:8013/v1/chat/completions "HTTP/1.1 200 OK"
INFO: HTTP Request: POST http://localhost:8013/v1/chat/completions "HTTP/1.1 200 OK"
INFO: HTTP Request: POST http://localhost:8013/v1/chat/completions "HTTP/1.1 200 OK"
INFO: HTTP Request: POST http://localhost:8013/v1/chat/completions "HTTP/1.1 200 OK"
INFO: HTTP Request: POST http://localhost:8013/v1/chat/completions "HTTP/1.1 200 OK"
INFO: HTTP Request: POST http://localhost:8013/v1/chat/completions "HTTP/1.1 200 OK"
INFO: HTTP Request: POST http://localhost:8013/v1/chat/completions "HTTP/1.1 200 OK"
INFO: HTTP Request: POST http://localhost:8013/v1/chat/completions "HTTP/1.1 200 OK"
INFO: HTTP Request: POST http://localhost:8013/v1/chat/completions "HTTP/1.1 200 OK"
INFO: HTTP Request: POST http://localhost:8013/v1/chat/completions "HTTP/1.1 200 OK"
INFO: HTTP Request: POST http://localhost:8013/v1/chat/completions "HTTP/1.1 200 OK"
INFO: HTTP Request: POST http://localhost:8013/v1/chat/completions "HTTP/1.1 200 OK"
INFO: HTTP Request: POST http://localhost:8013/v1/chat/completions "HTTP/1.1 200 OK"
INFO: HTTP Request: POST http://localhost:8013/v1/chat/completions "HTTP/1.1 200 OK"
INFO: HTTP Request: POST http://localhost:8013/v1/chat/completions "HTTP/1.1 200 OK"
INFO: HTTP Request: POST http://localhost:8013/v1/chat/completions "HTTP/1.1 200 OK"
INFO: HTTP Request: POST http://localhost:8013/v1/chat/completions "HTTP/1.1 200 OK"
INFO: HTTP Request: POST http://localhost:8013/v1/chat/completions "HTTP/1.1 200 OK"
INFO: HTTP Request: POST http://localhost:8013/v1/chat/completions "HTTP/1.1 200 OK"
INFO: HTTP Request: POST http://localhost:8013/v1/chat/completions "HTTP/1.1 200 OK"
INFO: HTTP Request: POST http://localhost:8013/v1/chat/completions "HTTP/1.1 200 OK"
INFO: HTTP Request: POST http://localhost:8013/v1/chat/completions "HTTP/1.1 200 OK"
INFO: HTTP Request: POST http://localhost:8013/v1/chat/completions "HTTP/1.1 200 OK"
INFO: HTTP Request: POST http://localhost:8013/v1/chat/completions "HTTP/1.1 200 OK"
INFO:   -> 25 probes, mean char overlap: 0.7832
INFO: Running Probe 2: Constraint Recall...
INFO: HTTP Request: POST http://localhost:8013/v1/chat/completions "HTTP/1.1 200 OK"
INFO:   -> 1 graphs, mean F1: 0.0000
INFO: Running Probe 3: Novel Constraint Detection...
INFO: HTTP Request: POST http://localhost:8013/v1/chat/completions "HTTP/1.1 200 OK"
INFO: HTTP Request: POST http://localhost:8013/v1/chat/completions "HTTP/1.1 200 OK"
INFO: HTTP Request: POST http://localhost:8013/v1/chat/completions "HTTP/1.1 200 OK"
INFO: HTTP Request: POST http://localhost:8013/v1/chat/completions "HTTP/1.1 200 OK"
INFO: HTTP Request: POST http://localhost:8013/v1/chat/completions "HTTP/1.1 200 OK"
INFO:   -> 5 probes, accuracy: 1.0000
INFO: Running Probe 4: Held-out Domain Advantage...
INFO:   -> known=0.6739, heldout=0.5658, p=0.0198 (synthetic)
INFO: WS-5 Contamination Probe complete (13.3s)
  Saved: /home/anonymous-org/anonymous-project/AnonProject/cga_bench/evidence_pack/ws5_contamination.json
  Saved: /home/anonymous-org/anonymous-project/AnonProject/cga_bench/evidence_pack/ws5_contamination.md
  Saved: /home/anonymous-org/anonymous-project/AnonProject/cga_bench/evidence_pack/tables/ws5_verbatim.tex
  Saved: /home/anonymous-org/anonymous-project/AnonProject/cga_bench/evidence_pack/tables/ws5_constraint_recall.tex
  Saved: /home/anonymous-org/anonymous-project/AnonProject/cga_bench/evidence_pack/tables/ws5_heldout.tex
