[2026-04-28T06:41:24Z] ==========================================================
[2026-04-28T06:41:24Z] v8 build queue starting; expected v7 models: qwen4b
[2026-04-28T06:41:24Z]   waiting on qwen4b: 20/566 episodes
[2026-04-28T06:42:24Z]   waiting on qwen4b: 30/566 episodes
[2026-04-28T06:43:24Z]   waiting on qwen4b: 31/566 episodes
[2026-04-28T06:44:24Z]   waiting on qwen4b: 32/566 episodes
[2026-04-28T06:45:24Z]   waiting on qwen4b: 32/566 episodes
[2026-04-28T06:46:24Z]   waiting on qwen4b: 36/566 episodes
[2026-04-28T06:47:24Z]   waiting on qwen4b: 45/566 episodes
[2026-04-28T06:48:24Z]   waiting on qwen4b: 48/566 episodes
[2026-04-28T06:49:24Z]   waiting on qwen4b: 48/566 episodes
[2026-04-28T06:50:24Z]   waiting on qwen4b: 48/566 episodes
[2026-04-28T06:51:24Z]   waiting on qwen4b: 50/566 episodes
[2026-04-28T06:52:24Z]   waiting on qwen4b: 50/566 episodes
[2026-04-28T06:53:24Z]   waiting on qwen4b: 50/566 episodes
[2026-04-28T06:54:24Z]   waiting on qwen4b: 50/566 episodes
[2026-04-28T06:55:24Z]   waiting on qwen4b: 50/566 episodes
[2026-04-28T06:56:24Z]   waiting on qwen4b: 50/566 episodes
[2026-04-28T06:57:24Z]   waiting on qwen4b: 53/566 episodes
[2026-04-28T06:58:25Z]   waiting on qwen4b: 56/566 episodes
[2026-04-28T06:59:25Z]   waiting on qwen4b: 56/566 episodes
[2026-04-28T07:00:25Z]   waiting on qwen4b: 56/566 episodes
[2026-04-28T07:01:25Z]   waiting on qwen4b: 60/566 episodes
[2026-04-28T07:02:25Z]   waiting on qwen4b: 66/566 episodes
[2026-04-28T07:03:25Z]   waiting on qwen4b: 71/566 episodes
[2026-04-28T07:04:25Z]   waiting on qwen4b: 71/566 episodes
[2026-04-28T07:05:25Z]   waiting on qwen4b: 72/566 episodes
[2026-04-28T07:06:25Z]   waiting on qwen4b: 76/566 episodes
[2026-04-28T07:07:25Z]   waiting on qwen4b: 81/566 episodes
[2026-04-28T07:08:25Z]   waiting on qwen4b: 83/566 episodes
[2026-04-28T07:09:25Z]   waiting on qwen4b: 87/566 episodes
[2026-04-28T07:10:25Z]   waiting on qwen4b: 88/566 episodes
[2026-04-28T07:11:25Z]   waiting on qwen4b: 92/566 episodes
[2026-04-28T07:12:25Z]   waiting on qwen4b: 98/566 episodes
[2026-04-28T07:13:25Z]   waiting on qwen4b: 98/566 episodes
[2026-04-28T07:14:25Z]   waiting on qwen4b: 98/566 episodes
[2026-04-28T07:15:25Z]   waiting on qwen4b: 98/566 episodes
[2026-04-28T07:16:25Z]   waiting on qwen4b: 98/566 episodes
[2026-04-28T07:17:26Z]   waiting on qwen4b: 98/566 episodes
[2026-04-28T07:18:26Z]   waiting on qwen4b: 98/566 episodes
[2026-04-28T07:19:26Z]   waiting on qwen4b: 98/566 episodes
[2026-04-28T07:20:26Z]   waiting on qwen4b: 98/566 episodes
[2026-04-28T07:22:33Z] ==========================================================
[2026-04-28T07:22:33Z] v8 build queue starting; expected v7 models: qwen4b gemma31b
[2026-04-28T07:22:33Z]   waiting on qwen4b: 102/566 episodes
[2026-04-28T07:23:33Z]   waiting on qwen4b: 106/566 episodes
[2026-04-28T07:24:33Z]   waiting on qwen4b: 107/566 episodes
[2026-04-28T07:25:33Z]   waiting on qwen4b: 110/566 episodes
[2026-04-28T07:26:33Z]   waiting on qwen4b: 110/566 episodes
[2026-04-28T07:27:33Z]   waiting on qwen4b: 110/566 episodes
[2026-04-28T07:28:33Z]   waiting on qwen4b: 110/566 episodes
[2026-04-28T07:29:33Z]   waiting on qwen4b: 110/566 episodes
[2026-04-28T07:30:33Z]   waiting on qwen4b: 110/566 episodes
[2026-04-28T07:31:33Z]   waiting on qwen4b: 110/566 episodes
[2026-04-28T07:32:33Z]   waiting on qwen4b: 110/566 episodes
[2026-04-28T07:33:33Z]   waiting on qwen4b: 110/566 episodes
[2026-04-28T07:34:33Z]   waiting on qwen4b: 110/566 episodes
[2026-04-28T07:35:33Z]   waiting on qwen4b: 110/566 episodes
[2026-04-28T07:36:33Z]   waiting on qwen4b: 110/566 episodes
[2026-04-28T07:37:33Z]   waiting on qwen4b: 110/566 episodes
[2026-04-28T07:39:18Z] ==========================================================
[2026-04-28T07:39:18Z] v8 build queue starting; expected v7 models: qwen4b gemma31b llama4scout nemotron30b
[2026-04-28T07:39:18Z]   waiting on qwen4b: 110/566 episodes
[2026-04-28T07:40:18Z]   waiting on qwen4b: 110/566 episodes
[2026-04-28T07:41:19Z]   waiting on qwen4b: 110/566 episodes
[2026-04-28T07:42:19Z]   waiting on qwen4b: 126/566 episodes
[2026-04-28T07:43:19Z]   waiting on qwen4b: 126/566 episodes
[2026-04-28T07:44:19Z]   waiting on qwen4b: 126/566 episodes
[2026-04-28T07:45:19Z]   waiting on qwen4b: 126/566 episodes
[2026-04-28T07:46:19Z]   waiting on qwen4b: 127/566 episodes
[2026-04-28T07:47:19Z]   waiting on qwen4b: 134/566 episodes
[2026-04-28T07:48:19Z]   waiting on qwen4b: 142/566 episodes
[2026-04-28T07:49:19Z]   waiting on qwen4b: 142/566 episodes
[2026-04-28T07:50:19Z]   waiting on qwen4b: 142/566 episodes
[2026-04-28T07:51:19Z]   waiting on qwen4b: 143/566 episodes
[2026-04-28T07:52:19Z]   waiting on qwen4b: 147/566 episodes
[2026-04-28T07:53:19Z]   waiting on qwen4b: 158/566 episodes
[2026-04-28T07:54:19Z]   waiting on qwen4b: 158/566 episodes
[2026-04-28T07:55:19Z]   waiting on qwen4b: 158/566 episodes
[2026-04-28T07:56:19Z]   waiting on qwen4b: 159/566 episodes
[2026-04-28T07:57:19Z]   waiting on qwen4b: 161/566 episodes
[2026-04-28T07:58:19Z]   waiting on qwen4b: 167/566 episodes
[2026-04-28T07:59:19Z]   waiting on qwen4b: 174/566 episodes
[2026-04-28T08:00:19Z]   waiting on qwen4b: 175/566 episodes
[2026-04-28T08:01:19Z]   waiting on qwen4b: 176/566 episodes
[2026-04-28T08:02:20Z]   waiting on qwen4b: 178/566 episodes
[2026-04-28T08:03:20Z]   waiting on qwen4b: 183/566 episodes
[2026-04-28T08:04:20Z]   waiting on qwen4b: 191/566 episodes
[2026-04-28T08:05:20Z]   waiting on qwen4b: 191/566 episodes
[2026-04-28T08:06:20Z]   waiting on qwen4b: 192/566 episodes
[2026-04-28T08:07:20Z]   waiting on qwen4b: 194/566 episodes
[2026-04-28T08:08:20Z]   waiting on qwen4b: 195/566 episodes
[2026-04-28T08:09:20Z]   waiting on qwen4b: 200/566 episodes
[2026-04-28T08:10:20Z]   waiting on qwen4b: 207/566 episodes
[2026-04-28T08:11:20Z]   waiting on qwen4b: 208/566 episodes
[2026-04-28T08:12:20Z]   waiting on qwen4b: 209/566 episodes
[2026-04-28T08:13:20Z]   waiting on qwen4b: 211/566 episodes
[2026-04-28T08:14:20Z]   waiting on qwen4b: 216/566 episodes
[2026-04-28T08:15:20Z]   waiting on qwen4b: 220/566 episodes
[2026-04-28T08:16:20Z]   waiting on qwen4b: 224/566 episodes
[2026-04-28T08:17:20Z]   waiting on qwen4b: 225/566 episodes
[2026-04-28T08:18:20Z]   waiting on qwen4b: 226/566 episodes
[2026-04-28T08:19:20Z]   waiting on qwen4b: 228/566 episodes
[2026-04-28T08:20:20Z]   waiting on qwen4b: 233/566 episodes
[2026-04-28T08:21:20Z]   waiting on qwen4b: 240/566 episodes
[2026-04-28T08:22:20Z]   waiting on qwen4b: 241/566 episodes
[2026-04-28T08:23:20Z]   waiting on qwen4b: 242/566 episodes
[2026-04-28T08:24:20Z]   waiting on qwen4b: 244/566 episodes
[2026-04-28T08:25:20Z]   waiting on qwen4b: 247/566 episodes
[2026-04-28T08:26:20Z]   waiting on qwen4b: 256/566 episodes
[2026-04-28T08:27:20Z]   waiting on qwen4b: 257/566 episodes
[2026-04-28T08:28:20Z]   waiting on qwen4b: 257/566 episodes
[2026-04-28T08:29:20Z]   waiting on qwen4b: 260/566 episodes
[2026-04-28T08:30:20Z]   waiting on qwen4b: 265/566 episodes
[2026-04-28T08:31:20Z]   waiting on qwen4b: 270/566 episodes
[2026-04-28T08:32:20Z]   waiting on qwen4b: 273/566 episodes
[2026-04-28T08:33:20Z]   waiting on qwen4b: 273/566 episodes
[2026-04-28T08:34:20Z]   waiting on qwen4b: 275/566 episodes
[2026-04-28T08:35:20Z]   waiting on qwen4b: 278/566 episodes
[2026-04-28T08:36:20Z]   waiting on qwen4b: 282/566 episodes
[2026-04-28T08:37:20Z]   waiting on qwen4b: 289/566 episodes
[2026-04-28T08:38:20Z]   waiting on qwen4b: 289/566 episodes
[2026-04-28T08:39:20Z]   waiting on qwen4b: 291/566 episodes
[2026-04-28T08:40:20Z]   waiting on qwen4b: 292/566 episodes
[2026-04-28T08:41:20Z]   waiting on qwen4b: 294/566 episodes
[2026-04-28T08:42:20Z]   waiting on qwen4b: 303/566 episodes
[2026-04-28T08:43:21Z]   waiting on qwen4b: 306/566 episodes
[2026-04-28T08:44:21Z]   waiting on qwen4b: 307/566 episodes
[2026-04-28T08:45:21Z]   waiting on qwen4b: 308/566 episodes
[2026-04-28T08:46:21Z]   waiting on qwen4b: 310/566 episodes
[2026-04-28T08:47:21Z]   waiting on qwen4b: 317/566 episodes
[2026-04-28T08:48:21Z]   waiting on qwen4b: 322/566 episodes
[2026-04-28T08:49:21Z]   waiting on qwen4b: 323/566 episodes
[2026-04-28T08:50:21Z]   waiting on qwen4b: 324/566 episodes
[2026-04-28T08:51:21Z]   waiting on qwen4b: 326/566 episodes
[2026-04-28T08:52:21Z]   waiting on qwen4b: 329/566 episodes
[2026-04-28T08:53:21Z]   waiting on qwen4b: 338/566 episodes
[2026-04-28T08:54:21Z]   waiting on qwen4b: 340/566 episodes
[2026-04-28T08:55:21Z]   waiting on qwen4b: 340/566 episodes
[2026-04-28T08:56:21Z]   waiting on qwen4b: 342/566 episodes
[2026-04-28T08:57:21Z]   waiting on qwen4b: 344/566 episodes
[2026-04-28T08:58:21Z]   waiting on qwen4b: 353/566 episodes
[2026-04-28T08:59:21Z]   waiting on qwen4b: 356/566 episodes
[2026-04-28T09:00:21Z]   waiting on qwen4b: 356/566 episodes
[2026-04-28T09:01:21Z]   waiting on qwen4b: 358/566 episodes
[2026-04-28T09:02:21Z]   waiting on qwen4b: 358/566 episodes
[2026-04-28T09:03:21Z]   waiting on qwen4b: 368/566 episodes
[2026-04-28T09:04:21Z]   waiting on qwen4b: 372/566 episodes
[2026-04-28T09:05:21Z]   waiting on qwen4b: 372/566 episodes
[2026-04-28T09:06:21Z]   waiting on qwen4b: 372/566 episodes
[2026-04-28T09:07:21Z]   waiting on qwen4b: 374/566 episodes
[2026-04-28T09:08:21Z]   waiting on qwen4b: 381/566 episodes
[2026-04-28T09:09:21Z]   waiting on qwen4b: 388/566 episodes
[2026-04-28T09:10:21Z]   waiting on qwen4b: 388/566 episodes
[2026-04-28T09:11:21Z]   waiting on qwen4b: 388/566 episodes
[2026-04-28T09:12:21Z]   waiting on qwen4b: 390/566 episodes
[2026-04-28T09:13:21Z]   waiting on qwen4b: 396/566 episodes
[2026-04-28T09:14:21Z]   waiting on qwen4b: 403/566 episodes
[2026-04-28T09:15:21Z]   waiting on qwen4b: 404/566 episodes
[2026-04-28T09:16:21Z]   waiting on qwen4b: 404/566 episodes
[2026-04-28T09:17:21Z]   waiting on qwen4b: 405/566 episodes
[2026-04-28T09:18:22Z]   waiting on qwen4b: 411/566 episodes
[2026-04-28T09:19:22Z]   waiting on qwen4b: 418/566 episodes
[2026-04-28T09:20:22Z]   waiting on qwen4b: 420/566 episodes
[2026-04-28T09:21:22Z]   waiting on qwen4b: 420/566 episodes
[2026-04-28T09:22:22Z]   waiting on qwen4b: 422/566 episodes
[2026-04-28T09:23:22Z]   waiting on qwen4b: 425/566 episodes
[2026-04-28T09:24:22Z]   waiting on qwen4b: 431/566 episodes
[2026-04-28T09:25:22Z]   waiting on qwen4b: 436/566 episodes
[2026-04-28T09:26:22Z]   waiting on qwen4b: 436/566 episodes
[2026-04-28T09:27:22Z]   waiting on qwen4b: 439/566 episodes
[2026-04-28T09:28:22Z]   waiting on qwen4b: 442/566 episodes
[2026-04-28T09:29:22Z]   waiting on qwen4b: 444/566 episodes
[2026-04-28T09:30:23Z]   waiting on qwen4b: 450/566 episodes
[2026-04-28T09:31:23Z]   waiting on qwen4b: 452/566 episodes
[2026-04-28T09:32:23Z]   waiting on qwen4b: 454/566 episodes
[2026-04-28T09:33:23Z]   waiting on qwen4b: 458/566 episodes
[2026-04-28T09:34:23Z]   waiting on qwen4b: 459/566 episodes
[2026-04-28T09:35:23Z]   waiting on qwen4b: 465/566 episodes
[2026-04-28T09:36:23Z]   waiting on qwen4b: 468/566 episodes
[2026-04-28T09:37:23Z]   waiting on qwen4b: 470/566 episodes
[2026-04-28T09:38:23Z]   waiting on qwen4b: 472/566 episodes
[2026-04-28T09:39:23Z]   waiting on qwen4b: 475/566 episodes
[2026-04-28T09:40:23Z]   waiting on qwen4b: 480/566 episodes
[2026-04-28T09:41:23Z]   waiting on qwen4b: 482/566 episodes
[2026-04-28T09:42:23Z]   waiting on qwen4b: 487/566 episodes
[2026-04-28T09:43:23Z]   waiting on qwen4b: 488/566 episodes
[2026-04-28T09:44:23Z]   waiting on qwen4b: 490/566 episodes
[2026-04-28T09:45:23Z]   waiting on qwen4b: 492/566 episodes
[2026-04-28T09:46:23Z]   waiting on qwen4b: 498/566 episodes
[2026-04-28T09:47:23Z]   waiting on qwen4b: 503/566 episodes
[2026-04-28T09:48:23Z]   waiting on qwen4b: 503/566 episodes
[2026-04-28T09:49:23Z]   waiting on qwen4b: 506/566 episodes
[2026-04-28T09:50:23Z]   waiting on qwen4b: 507/566 episodes
[2026-04-28T09:51:23Z]   waiting on qwen4b: 513/566 episodes
[2026-04-28T09:52:23Z]   waiting on qwen4b: 517/566 episodes
[2026-04-28T09:53:24Z]   waiting on qwen4b: 519/566 episodes
[2026-04-28T09:54:24Z]   waiting on qwen4b: 520/566 episodes
[2026-04-28T09:55:24Z]   waiting on qwen4b: 523/566 episodes
[2026-04-28T09:56:24Z]   waiting on qwen4b: 528/566 episodes
[2026-04-28T09:57:24Z]   waiting on qwen4b: 531/566 episodes
[2026-04-28T09:58:24Z]   waiting on qwen4b: 535/566 episodes
[2026-04-28T09:59:24Z]   waiting on qwen4b: 536/566 episodes
[2026-04-28T10:00:24Z]   waiting on qwen4b: 538/566 episodes
[2026-04-28T10:01:24Z]   waiting on qwen4b: 543/566 episodes
[2026-04-28T10:02:24Z]   waiting on qwen4b: 545/566 episodes
[2026-04-28T10:03:24Z]   waiting on qwen4b: 549/566 episodes
[2026-04-28T10:04:24Z]   waiting on qwen4b: 551/566 episodes
[2026-04-28T10:05:24Z]   waiting on qwen4b: 553/566 episodes
[2026-04-28T10:06:24Z]   waiting on qwen4b: 556/566 episodes
[2026-04-28T10:07:25Z]   waiting on qwen4b: 562/566 episodes
[2026-04-28T10:08:25Z]   waiting on qwen4b: 565/566 episodes
[2026-04-28T10:09:25Z]   qwen4b: 566 episodes (≥ 566) ✓
[2026-04-28T10:09:25Z]   waiting on gemma31b: 443/566 episodes
[2026-04-28T10:10:25Z]   qwen4b: 568 episodes (≥ 566) ✓
[2026-04-28T10:10:25Z]   waiting on gemma31b: 444/566 episodes
[2026-04-28T10:11:25Z]   qwen4b: 571 episodes (≥ 566) ✓
[2026-04-28T10:11:25Z]   waiting on gemma31b: 447/566 episodes
[2026-04-28T10:12:25Z]   qwen4b: 578 episodes (≥ 566) ✓
[2026-04-28T10:12:25Z]   waiting on gemma31b: 449/566 episodes
[2026-04-28T10:13:25Z]   qwen4b: 580 episodes (≥ 566) ✓
[2026-04-28T10:13:25Z]   waiting on gemma31b: 449/566 episodes
[2026-04-28T10:14:25Z]   qwen4b: 582 episodes (≥ 566) ✓
[2026-04-28T10:14:25Z]   waiting on gemma31b: 452/566 episodes
[2026-04-28T10:15:25Z]   qwen4b: 584 episodes (≥ 566) ✓
[2026-04-28T10:15:25Z]   waiting on gemma31b: 456/566 episodes
[2026-04-28T10:16:25Z]   qwen4b: 587 episodes (≥ 566) ✓
[2026-04-28T10:16:25Z]   waiting on gemma31b: 468/566 episodes
[2026-04-28T10:17:25Z]   qwen4b: 594 episodes (≥ 566) ✓
[2026-04-28T10:17:25Z]   waiting on gemma31b: 469/566 episodes
[2026-04-28T10:18:25Z]   qwen4b: 596 episodes (≥ 566) ✓
[2026-04-28T10:18:25Z]   waiting on gemma31b: 471/566 episodes
[2026-04-28T10:19:25Z]   qwen4b: 597 episodes (≥ 566) ✓
[2026-04-28T10:19:25Z]   waiting on gemma31b: 473/566 episodes
[2026-04-28T10:20:25Z]   qwen4b: 601 episodes (≥ 566) ✓
[2026-04-28T10:20:25Z]   waiting on gemma31b: 475/566 episodes
[2026-04-28T10:21:25Z]   qwen4b: 602 episodes (≥ 566) ✓
[2026-04-28T10:21:25Z]   waiting on gemma31b: 480/566 episodes
[2026-04-28T10:22:25Z]   qwen4b: 609 episodes (≥ 566) ✓
[2026-04-28T10:22:25Z]   waiting on gemma31b: 480/566 episodes
[2026-04-28T10:23:25Z]   qwen4b: 612 episodes (≥ 566) ✓
[2026-04-28T10:23:25Z]   waiting on gemma31b: 480/566 episodes
[2026-04-28T10:24:25Z]   qwen4b: 613 episodes (≥ 566) ✓
[2026-04-28T10:24:25Z]   waiting on gemma31b: 481/566 episodes
[2026-04-28T10:25:25Z]   qwen4b: 616 episodes (≥ 566) ✓
[2026-04-28T10:25:25Z]   waiting on gemma31b: 482/566 episodes
[2026-04-28T10:26:25Z]   qwen4b: 619 episodes (≥ 566) ✓
[2026-04-28T10:26:25Z]   waiting on gemma31b: 489/566 episodes
[2026-04-28T10:27:25Z]   qwen4b: 622 episodes (≥ 566) ✓
[2026-04-28T10:27:25Z]   waiting on gemma31b: 495/566 episodes
[2026-04-28T10:28:25Z]   qwen4b: 628 episodes (≥ 566) ✓
[2026-04-28T10:28:25Z]   waiting on gemma31b: 498/566 episodes
[2026-04-28T10:29:26Z]   qwen4b: 628 episodes (≥ 566) ✓
[2026-04-28T10:29:26Z]   waiting on gemma31b: 499/566 episodes
[2026-04-28T10:30:26Z]   qwen4b: 631 episodes (≥ 566) ✓
[2026-04-28T10:30:26Z]   waiting on gemma31b: 505/566 episodes
[2026-04-28T10:31:26Z]   qwen4b: 633 episodes (≥ 566) ✓
[2026-04-28T10:31:26Z]   waiting on gemma31b: 507/566 episodes
[2026-04-28T10:32:26Z]   qwen4b: 636 episodes (≥ 566) ✓
[2026-04-28T10:32:26Z]   waiting on gemma31b: 509/566 episodes
[2026-04-28T10:33:26Z]   qwen4b: 642 episodes (≥ 566) ✓
[2026-04-28T10:33:26Z]   waiting on gemma31b: 510/566 episodes
[2026-04-28T10:34:26Z]   qwen4b: 644 episodes (≥ 566) ✓
[2026-04-28T10:34:26Z]   waiting on gemma31b: 511/566 episodes
[2026-04-28T10:35:26Z]   qwen4b: 648 episodes (≥ 566) ✓
[2026-04-28T10:35:26Z]   waiting on gemma31b: 513/566 episodes
[2026-04-28T10:36:26Z]   qwen4b: 650 episodes (≥ 566) ✓
[2026-04-28T10:36:26Z]   waiting on gemma31b: 516/566 episodes
[2026-04-28T10:37:26Z]   qwen4b: 652 episodes (≥ 566) ✓
[2026-04-28T10:37:26Z]   waiting on gemma31b: 521/566 episodes
[2026-04-28T10:38:26Z]   qwen4b: 658 episodes (≥ 566) ✓
[2026-04-28T10:38:26Z]   waiting on gemma31b: 526/566 episodes
[2026-04-28T10:39:26Z]   qwen4b: 660 episodes (≥ 566) ✓
[2026-04-28T10:39:26Z]   waiting on gemma31b: 530/566 episodes
[2026-04-28T10:40:26Z]   qwen4b: 661 episodes (≥ 566) ✓
[2026-04-28T10:40:26Z]   waiting on gemma31b: 534/566 episodes
[2026-04-28T10:41:26Z]   qwen4b: 666 episodes (≥ 566) ✓
[2026-04-28T10:41:26Z]   waiting on gemma31b: 538/566 episodes
[2026-04-28T10:42:26Z]   qwen4b: 666 episodes (≥ 566) ✓
[2026-04-28T10:42:26Z]   waiting on gemma31b: 538/566 episodes
[2026-04-28T10:43:26Z]   qwen4b: 668 episodes (≥ 566) ✓
[2026-04-28T10:43:26Z]   waiting on gemma31b: 539/566 episodes
[2026-04-28T10:44:26Z]   qwen4b: 676 episodes (≥ 566) ✓
[2026-04-28T10:44:26Z]   waiting on gemma31b: 540/566 episodes
[2026-04-28T10:45:26Z]   qwen4b: 678 episodes (≥ 566) ✓
[2026-04-28T10:45:26Z]   waiting on gemma31b: 542/566 episodes
[2026-04-28T10:46:26Z]   qwen4b: 681 episodes (≥ 566) ✓
[2026-04-28T10:46:26Z]   waiting on gemma31b: 546/566 episodes
[2026-04-28T10:47:26Z]   qwen4b: 682 episodes (≥ 566) ✓
[2026-04-28T10:47:26Z]   waiting on gemma31b: 553/566 episodes
[2026-04-28T10:48:26Z]   qwen4b: 684 episodes (≥ 566) ✓
[2026-04-28T10:48:26Z]   waiting on gemma31b: 554/566 episodes
[2026-04-28T10:49:27Z]   qwen4b: 691 episodes (≥ 566) ✓
[2026-04-28T10:49:27Z]   waiting on gemma31b: 558/566 episodes
[2026-04-28T10:50:27Z]   qwen4b: 695 episodes (≥ 566) ✓
[2026-04-28T10:50:27Z]   waiting on gemma31b: 562/566 episodes
[2026-04-28T10:51:27Z]   qwen4b: 696 episodes (≥ 566) ✓
[2026-04-28T10:51:27Z]   gemma31b: 566 episodes (≥ 566) ✓
[2026-04-28T10:51:27Z]   waiting on llama4scout: 296/566 episodes
[2026-04-28T10:52:27Z]   qwen4b: 699 episodes (≥ 566) ✓
[2026-04-28T10:52:27Z]   gemma31b: 569 episodes (≥ 566) ✓
[2026-04-28T10:52:27Z]   waiting on llama4scout: 297/566 episodes
[2026-04-28T10:53:27Z]   qwen4b: 700 episodes (≥ 566) ✓
[2026-04-28T10:53:27Z]   gemma31b: 572 episodes (≥ 566) ✓
[2026-04-28T10:53:27Z]   waiting on llama4scout: 297/566 episodes
[2026-04-28T10:54:27Z]   qwen4b: 701 episodes (≥ 566) ✓
[2026-04-28T10:54:27Z]   gemma31b: 573 episodes (≥ 566) ✓
[2026-04-28T10:54:27Z]   waiting on llama4scout: 298/566 episodes
[2026-04-28T10:55:27Z]   qwen4b: 711 episodes (≥ 566) ✓
[2026-04-28T10:55:27Z]   gemma31b: 575 episodes (≥ 566) ✓
[2026-04-28T10:55:27Z]   waiting on llama4scout: 299/566 episodes
[2026-04-28T10:56:27Z]   qwen4b: 712 episodes (≥ 566) ✓
[2026-04-28T10:56:27Z]   gemma31b: 577 episodes (≥ 566) ✓
[2026-04-28T10:56:27Z]   waiting on llama4scout: 300/566 episodes
[2026-04-28T10:57:27Z]   qwen4b: 714 episodes (≥ 566) ✓
[2026-04-28T10:57:27Z]   gemma31b: 581 episodes (≥ 566) ✓
[2026-04-28T10:57:27Z]   waiting on llama4scout: 303/566 episodes
[2026-04-28T10:58:27Z]   qwen4b: 717 episodes (≥ 566) ✓
[2026-04-28T10:58:27Z]   gemma31b: 586 episodes (≥ 566) ✓
[2026-04-28T10:58:27Z]   waiting on llama4scout: 306/566 episodes
[2026-04-28T10:59:27Z]   qwen4b: 718 episodes (≥ 566) ✓
[2026-04-28T10:59:27Z]   gemma31b: 590 episodes (≥ 566) ✓
[2026-04-28T10:59:27Z]   waiting on llama4scout: 309/566 episodes
[2026-04-28T11:00:27Z]   qwen4b: 728 episodes (≥ 566) ✓
[2026-04-28T11:00:27Z]   gemma31b: 594 episodes (≥ 566) ✓
[2026-04-28T11:00:27Z]   waiting on llama4scout: 309/566 episodes
[2026-04-28T11:01:27Z]   qwen4b: 729 episodes (≥ 566) ✓
[2026-04-28T11:01:27Z]   gemma31b: 599 episodes (≥ 566) ✓
[2026-04-28T11:01:27Z]   waiting on llama4scout: 309/566 episodes
[2026-04-28T11:02:27Z]   qwen4b: 729 episodes (≥ 566) ✓
[2026-04-28T11:02:27Z]   gemma31b: 601 episodes (≥ 566) ✓
[2026-04-28T11:02:27Z]   waiting on llama4scout: 310/566 episodes
[2026-04-28T11:03:27Z]   qwen4b: 733 episodes (≥ 566) ✓
[2026-04-28T11:03:27Z]   gemma31b: 601 episodes (≥ 566) ✓
[2026-04-28T11:03:27Z]   waiting on llama4scout: 311/566 episodes
[2026-04-28T11:04:27Z]   qwen4b: 735 episodes (≥ 566) ✓
[2026-04-28T11:04:28Z]   gemma31b: 603 episodes (≥ 566) ✓
[2026-04-28T11:04:28Z]   waiting on llama4scout: 312/566 episodes
[2026-04-28T11:05:28Z]   qwen4b: 737 episodes (≥ 566) ✓
[2026-04-28T11:05:28Z]   gemma31b: 605 episodes (≥ 566) ✓
[2026-04-28T11:05:28Z]   waiting on llama4scout: 314/566 episodes
[2026-04-28T11:06:28Z]   qwen4b: 744 episodes (≥ 566) ✓
[2026-04-28T11:06:28Z]   gemma31b: 605 episodes (≥ 566) ✓
[2026-04-28T11:06:28Z]   waiting on llama4scout: 317/566 episodes
[2026-04-28T11:07:28Z]   qwen4b: 745 episodes (≥ 566) ✓
[2026-04-28T11:07:28Z]   gemma31b: 612 episodes (≥ 566) ✓
[2026-04-28T11:07:28Z]   waiting on llama4scout: 320/566 episodes
[2026-04-28T11:08:28Z]   qwen4b: 748 episodes (≥ 566) ✓
[2026-04-28T11:08:28Z]   gemma31b: 616 episodes (≥ 566) ✓
[2026-04-28T11:08:28Z]   waiting on llama4scout: 321/566 episodes
[2026-04-28T11:09:28Z]   qwen4b: 751 episodes (≥ 566) ✓
[2026-04-28T11:09:28Z]   gemma31b: 617 episodes (≥ 566) ✓
[2026-04-28T11:09:28Z]   waiting on llama4scout: 321/566 episodes
[2026-04-28T11:10:28Z]   qwen4b: 751 episodes (≥ 566) ✓
[2026-04-28T11:10:28Z]   gemma31b: 623 episodes (≥ 566) ✓
[2026-04-28T11:10:28Z]   waiting on llama4scout: 322/566 episodes
[2026-04-28T11:11:28Z]   qwen4b: 761 episodes (≥ 566) ✓
[2026-04-28T11:11:28Z]   gemma31b: 625 episodes (≥ 566) ✓
[2026-04-28T11:11:28Z]   waiting on llama4scout: 323/566 episodes
[2026-04-28T11:12:28Z]   qwen4b: 761 episodes (≥ 566) ✓
[2026-04-28T11:12:28Z]   gemma31b: 629 episodes (≥ 566) ✓
[2026-04-28T11:12:28Z]   waiting on llama4scout: 324/566 episodes
[2026-04-28T11:13:28Z]   qwen4b: 763 episodes (≥ 566) ✓
[2026-04-28T11:13:28Z]   gemma31b: 632 episodes (≥ 566) ✓
[2026-04-28T11:13:28Z]   waiting on llama4scout: 327/566 episodes
[2026-04-28T11:14:28Z]   qwen4b: 768 episodes (≥ 566) ✓
[2026-04-28T11:14:28Z]   gemma31b: 634 episodes (≥ 566) ✓
[2026-04-28T11:14:28Z]   waiting on llama4scout: 329/566 episodes
[2026-04-28T11:15:28Z]   qwen4b: 768 episodes (≥ 566) ✓
[2026-04-28T11:15:28Z]   gemma31b: 637 episodes (≥ 566) ✓
[2026-04-28T11:15:28Z]   waiting on llama4scout: 332/566 episodes
[2026-04-28T11:16:28Z]   qwen4b: 777 episodes (≥ 566) ✓
[2026-04-28T11:16:28Z]   gemma31b: 640 episodes (≥ 566) ✓
[2026-04-28T11:16:28Z]   waiting on llama4scout: 333/566 episodes
[2026-04-28T11:17:28Z]   qwen4b: 778 episodes (≥ 566) ✓
[2026-04-28T11:17:28Z]   gemma31b: 643 episodes (≥ 566) ✓
[2026-04-28T11:17:28Z]   waiting on llama4scout: 334/566 episodes
[2026-04-28T11:18:28Z]   qwen4b: 780 episodes (≥ 566) ✓
[2026-04-28T11:18:28Z]   gemma31b: 649 episodes (≥ 566) ✓
[2026-04-28T11:18:28Z]   waiting on llama4scout: 334/566 episodes
[2026-04-28T11:19:28Z]   qwen4b: 782 episodes (≥ 566) ✓
[2026-04-28T11:19:28Z]   gemma31b: 650 episodes (≥ 566) ✓
[2026-04-28T11:19:28Z]   waiting on llama4scout: 336/566 episodes
[2026-04-28T11:20:28Z]   qwen4b: 784 episodes (≥ 566) ✓
[2026-04-28T11:20:28Z]   gemma31b: 652 episodes (≥ 566) ✓
[2026-04-28T11:20:28Z]   waiting on llama4scout: 336/566 episodes
[2026-04-28T11:21:28Z]   qwen4b: 788 episodes (≥ 566) ✓
[2026-04-28T11:21:29Z]   gemma31b: 656 episodes (≥ 566) ✓
[2026-04-28T11:21:29Z]   waiting on llama4scout: 340/566 episodes
[2026-04-28T11:22:29Z]   qwen4b: 799 episodes (≥ 566) ✓
[2026-04-28T11:22:29Z]   gemma31b: 656 episodes (≥ 566) ✓
[2026-04-28T11:22:29Z]   waiting on llama4scout: 341/566 episodes
[2026-04-28T11:23:29Z]   qwen4b: 799 episodes (≥ 566) ✓
[2026-04-28T11:23:29Z]   gemma31b: 657 episodes (≥ 566) ✓
[2026-04-28T11:23:29Z]   waiting on llama4scout: 345/566 episodes
[2026-04-28T11:24:29Z]   qwen4b: 799 episodes (≥ 566) ✓
[2026-04-28T11:24:29Z]   gemma31b: 661 episodes (≥ 566) ✓
[2026-04-28T11:24:29Z]   waiting on llama4scout: 345/566 episodes
[2026-04-28T11:25:29Z]   qwen4b: 799 episodes (≥ 566) ✓
[2026-04-28T11:25:29Z]   gemma31b: 664 episodes (≥ 566) ✓
[2026-04-28T11:25:29Z]   waiting on llama4scout: 346/566 episodes
[2026-04-28T11:26:29Z]   qwen4b: 799 episodes (≥ 566) ✓
[2026-04-28T11:26:29Z]   gemma31b: 665 episodes (≥ 566) ✓
[2026-04-28T11:26:29Z]   waiting on llama4scout: 346/566 episodes
[2026-04-28T11:27:29Z]   qwen4b: 799 episodes (≥ 566) ✓
[2026-04-28T11:27:29Z]   gemma31b: 668 episodes (≥ 566) ✓
[2026-04-28T11:27:29Z]   waiting on llama4scout: 348/566 episodes
[2026-04-28T11:28:29Z]   qwen4b: 799 episodes (≥ 566) ✓
[2026-04-28T11:28:29Z]   gemma31b: 674 episodes (≥ 566) ✓
[2026-04-28T11:28:29Z]   waiting on llama4scout: 348/566 episodes
[2026-04-28T11:29:29Z]   qwen4b: 799 episodes (≥ 566) ✓
[2026-04-28T11:29:29Z]   gemma31b: 686 episodes (≥ 566) ✓
[2026-04-28T11:29:29Z]   waiting on llama4scout: 353/566 episodes
[2026-04-28T11:30:29Z]   qwen4b: 799 episodes (≥ 566) ✓
[2026-04-28T11:30:29Z]   gemma31b: 690 episodes (≥ 566) ✓
[2026-04-28T11:30:29Z]   waiting on llama4scout: 354/566 episodes
[2026-04-28T11:31:29Z]   qwen4b: 799 episodes (≥ 566) ✓
[2026-04-28T11:31:29Z]   gemma31b: 691 episodes (≥ 566) ✓
[2026-04-28T11:31:29Z]   waiting on llama4scout: 357/566 episodes
[2026-04-28T11:32:29Z]   qwen4b: 799 episodes (≥ 566) ✓
[2026-04-28T11:32:29Z]   gemma31b: 692 episodes (≥ 566) ✓
[2026-04-28T11:32:29Z]   waiting on llama4scout: 358/566 episodes
[2026-04-28T11:33:29Z]   qwen4b: 799 episodes (≥ 566) ✓
[2026-04-28T11:33:29Z]   gemma31b: 692 episodes (≥ 566) ✓
[2026-04-28T11:33:29Z]   waiting on llama4scout: 358/566 episodes
[2026-04-28T11:34:29Z]   qwen4b: 799 episodes (≥ 566) ✓
[2026-04-28T11:34:29Z]   gemma31b: 692 episodes (≥ 566) ✓
[2026-04-28T11:34:29Z]   waiting on llama4scout: 360/566 episodes
[2026-04-28T11:35:29Z]   qwen4b: 799 episodes (≥ 566) ✓
[2026-04-28T11:35:29Z]   gemma31b: 692 episodes (≥ 566) ✓
[2026-04-28T11:35:30Z]   waiting on llama4scout: 360/566 episodes
[2026-04-28T11:36:30Z]   qwen4b: 799 episodes (≥ 566) ✓
[2026-04-28T11:36:30Z]   gemma31b: 692 episodes (≥ 566) ✓
[2026-04-28T11:36:30Z]   waiting on llama4scout: 361/566 episodes
[2026-04-28T11:37:30Z]   qwen4b: 799 episodes (≥ 566) ✓
[2026-04-28T11:37:30Z]   gemma31b: 692 episodes (≥ 566) ✓
[2026-04-28T11:37:30Z]   waiting on llama4scout: 365/566 episodes
[2026-04-28T11:38:30Z]   qwen4b: 799 episodes (≥ 566) ✓
[2026-04-28T11:38:30Z]   gemma31b: 692 episodes (≥ 566) ✓
[2026-04-28T11:38:30Z]   waiting on llama4scout: 366/566 episodes
[2026-04-28T11:39:30Z]   qwen4b: 799 episodes (≥ 566) ✓
[2026-04-28T11:39:30Z]   gemma31b: 692 episodes (≥ 566) ✓
[2026-04-28T11:39:30Z]   waiting on llama4scout: 369/566 episodes
[2026-04-28T11:40:30Z]   qwen4b: 799 episodes (≥ 566) ✓
[2026-04-28T11:40:30Z]   gemma31b: 692 episodes (≥ 566) ✓
[2026-04-28T11:40:30Z]   waiting on llama4scout: 370/566 episodes
[2026-04-28T11:41:30Z]   qwen4b: 799 episodes (≥ 566) ✓
[2026-04-28T11:41:30Z]   gemma31b: 692 episodes (≥ 566) ✓
[2026-04-28T11:41:30Z]   waiting on llama4scout: 370/566 episodes
[2026-04-28T11:42:30Z]   qwen4b: 799 episodes (≥ 566) ✓
[2026-04-28T11:42:30Z]   gemma31b: 692 episodes (≥ 566) ✓
[2026-04-28T11:42:30Z]   waiting on llama4scout: 372/566 episodes
[2026-04-28T11:43:30Z]   qwen4b: 799 episodes (≥ 566) ✓
[2026-04-28T11:43:30Z]   gemma31b: 692 episodes (≥ 566) ✓
[2026-04-28T11:43:30Z]   waiting on llama4scout: 372/566 episodes
[2026-04-28T11:44:30Z]   qwen4b: 799 episodes (≥ 566) ✓
[2026-04-28T11:44:30Z]   gemma31b: 692 episodes (≥ 566) ✓
[2026-04-28T11:44:30Z]   waiting on llama4scout: 373/566 episodes
[2026-04-28T11:45:30Z]   qwen4b: 799 episodes (≥ 566) ✓
[2026-04-28T11:45:30Z]   gemma31b: 692 episodes (≥ 566) ✓
[2026-04-28T11:45:30Z]   waiting on llama4scout: 377/566 episodes
[2026-04-28T11:46:30Z]   qwen4b: 799 episodes (≥ 566) ✓
[2026-04-28T11:46:30Z]   gemma31b: 692 episodes (≥ 566) ✓
[2026-04-28T11:46:30Z]   waiting on llama4scout: 378/566 episodes
[2026-04-28T11:47:30Z]   qwen4b: 799 episodes (≥ 566) ✓
[2026-04-28T11:47:30Z]   gemma31b: 692 episodes (≥ 566) ✓
[2026-04-28T11:47:30Z]   waiting on llama4scout: 381/566 episodes
[2026-04-28T11:48:30Z]   qwen4b: 799 episodes (≥ 566) ✓
[2026-04-28T11:48:30Z]   gemma31b: 692 episodes (≥ 566) ✓
[2026-04-28T11:48:30Z]   waiting on llama4scout: 382/566 episodes
[2026-04-28T11:49:30Z]   qwen4b: 799 episodes (≥ 566) ✓
[2026-04-28T11:49:30Z]   gemma31b: 692 episodes (≥ 566) ✓
[2026-04-28T11:49:30Z]   waiting on llama4scout: 382/566 episodes
[2026-04-28T11:50:30Z]   qwen4b: 799 episodes (≥ 566) ✓
[2026-04-28T11:50:30Z]   gemma31b: 692 episodes (≥ 566) ✓
[2026-04-28T11:50:30Z]   waiting on llama4scout: 384/566 episodes
[2026-04-28T11:51:30Z]   qwen4b: 799 episodes (≥ 566) ✓
[2026-04-28T11:51:30Z]   gemma31b: 692 episodes (≥ 566) ✓
[2026-04-28T11:51:30Z]   waiting on llama4scout: 384/566 episodes
[2026-04-28T11:52:30Z]   qwen4b: 799 episodes (≥ 566) ✓
[2026-04-28T11:52:30Z]   gemma31b: 692 episodes (≥ 566) ✓
[2026-04-28T11:52:30Z]   waiting on llama4scout: 386/566 episodes
[2026-04-28T11:53:30Z]   qwen4b: 799 episodes (≥ 566) ✓
[2026-04-28T11:53:30Z]   gemma31b: 692 episodes (≥ 566) ✓
[2026-04-28T11:53:30Z]   waiting on llama4scout: 389/566 episodes
[2026-04-28T11:54:30Z]   qwen4b: 799 episodes (≥ 566) ✓
[2026-04-28T11:54:30Z]   gemma31b: 692 episodes (≥ 566) ✓
[2026-04-28T11:54:30Z]   waiting on llama4scout: 393/566 episodes
[2026-04-28T11:55:30Z]   qwen4b: 799 episodes (≥ 566) ✓
[2026-04-28T11:55:30Z]   gemma31b: 692 episodes (≥ 566) ✓
[2026-04-28T11:55:30Z]   waiting on llama4scout: 394/566 episodes
[2026-04-28T11:56:30Z]   qwen4b: 799 episodes (≥ 566) ✓
[2026-04-28T11:56:31Z]   gemma31b: 692 episodes (≥ 566) ✓
[2026-04-28T11:56:31Z]   waiting on llama4scout: 394/566 episodes
[2026-04-28T11:57:31Z]   qwen4b: 799 episodes (≥ 566) ✓
[2026-04-28T11:57:31Z]   gemma31b: 692 episodes (≥ 566) ✓
[2026-04-28T11:57:31Z]   waiting on llama4scout: 395/566 episodes
[2026-04-28T11:58:31Z]   qwen4b: 799 episodes (≥ 566) ✓
[2026-04-28T11:58:31Z]   gemma31b: 692 episodes (≥ 566) ✓
[2026-04-28T11:58:31Z]   waiting on llama4scout: 396/566 episodes
[2026-04-28T11:59:31Z]   qwen4b: 799 episodes (≥ 566) ✓
[2026-04-28T11:59:31Z]   gemma31b: 692 episodes (≥ 566) ✓
[2026-04-28T11:59:31Z]   waiting on llama4scout: 397/566 episodes
[2026-04-28T12:00:31Z]   qwen4b: 799 episodes (≥ 566) ✓
[2026-04-28T12:00:31Z]   gemma31b: 692 episodes (≥ 566) ✓
[2026-04-28T12:00:31Z]   waiting on llama4scout: 399/566 episodes
[2026-04-28T12:01:31Z]   qwen4b: 799 episodes (≥ 566) ✓
[2026-04-28T12:01:31Z]   gemma31b: 692 episodes (≥ 566) ✓
[2026-04-28T12:01:31Z]   waiting on llama4scout: 403/566 episodes
[2026-04-28T12:02:31Z]   qwen4b: 799 episodes (≥ 566) ✓
[2026-04-28T12:02:31Z]   gemma31b: 692 episodes (≥ 566) ✓
[2026-04-28T12:02:31Z]   waiting on llama4scout: 406/566 episodes
[2026-04-28T12:03:31Z]   qwen4b: 799 episodes (≥ 566) ✓
[2026-04-28T12:03:31Z]   gemma31b: 692 episodes (≥ 566) ✓
[2026-04-28T12:03:31Z]   waiting on llama4scout: 406/566 episodes
[2026-04-28T12:04:31Z]   qwen4b: 799 episodes (≥ 566) ✓
[2026-04-28T12:04:31Z]   gemma31b: 692 episodes (≥ 566) ✓
[2026-04-28T12:04:31Z]   waiting on llama4scout: 406/566 episodes
[2026-04-28T12:05:31Z]   qwen4b: 799 episodes (≥ 566) ✓
[2026-04-28T12:05:31Z]   gemma31b: 692 episodes (≥ 566) ✓
[2026-04-28T12:05:31Z]   waiting on llama4scout: 408/566 episodes
[2026-04-28T12:06:31Z]   qwen4b: 799 episodes (≥ 566) ✓
[2026-04-28T12:06:31Z]   gemma31b: 692 episodes (≥ 566) ✓
[2026-04-28T12:06:31Z]   waiting on llama4scout: 409/566 episodes
[2026-04-28T12:07:32Z]   qwen4b: 799 episodes (≥ 566) ✓
[2026-04-28T12:07:32Z]   gemma31b: 692 episodes (≥ 566) ✓
[2026-04-28T12:07:32Z]   waiting on llama4scout: 411/566 episodes
[2026-04-28T12:08:32Z]   qwen4b: 799 episodes (≥ 566) ✓
[2026-04-28T12:08:32Z]   gemma31b: 692 episodes (≥ 566) ✓
[2026-04-28T12:08:32Z]   waiting on llama4scout: 414/566 episodes
[2026-04-28T12:09:32Z]   qwen4b: 799 episodes (≥ 566) ✓
[2026-04-28T12:09:32Z]   gemma31b: 692 episodes (≥ 566) ✓
[2026-04-28T12:09:32Z]   waiting on llama4scout: 417/566 episodes
[2026-04-28T12:10:32Z]   qwen4b: 799 episodes (≥ 566) ✓
[2026-04-28T12:10:32Z]   gemma31b: 692 episodes (≥ 566) ✓
[2026-04-28T12:10:32Z]   waiting on llama4scout: 418/566 episodes
[2026-04-28T12:11:32Z]   qwen4b: 799 episodes (≥ 566) ✓
[2026-04-28T12:11:32Z]   gemma31b: 692 episodes (≥ 566) ✓
[2026-04-28T12:11:32Z]   waiting on llama4scout: 418/566 episodes
[2026-04-28T12:12:32Z]   qwen4b: 799 episodes (≥ 566) ✓
[2026-04-28T12:12:32Z]   gemma31b: 692 episodes (≥ 566) ✓
[2026-04-28T12:12:32Z]   waiting on llama4scout: 418/566 episodes
[2026-04-28T12:13:32Z]   qwen4b: 799 episodes (≥ 566) ✓
[2026-04-28T12:13:32Z]   gemma31b: 692 episodes (≥ 566) ✓
[2026-04-28T12:13:32Z]   waiting on llama4scout: 420/566 episodes
[2026-04-28T12:14:32Z]   qwen4b: 799 episodes (≥ 566) ✓
[2026-04-28T12:14:32Z]   gemma31b: 692 episodes (≥ 566) ✓
[2026-04-28T12:14:32Z]   waiting on llama4scout: 421/566 episodes
[2026-04-28T12:15:32Z]   qwen4b: 799 episodes (≥ 566) ✓
[2026-04-28T12:15:32Z]   gemma31b: 692 episodes (≥ 566) ✓
[2026-04-28T12:15:32Z]   waiting on llama4scout: 422/566 episodes
[2026-04-28T12:16:32Z]   qwen4b: 799 episodes (≥ 566) ✓
[2026-04-28T12:16:32Z]   gemma31b: 692 episodes (≥ 566) ✓
[2026-04-28T12:16:32Z]   waiting on llama4scout: 427/566 episodes
[2026-04-28T12:17:32Z]   qwen4b: 799 episodes (≥ 566) ✓
[2026-04-28T12:17:32Z]   gemma31b: 692 episodes (≥ 566) ✓
[2026-04-28T12:17:32Z]   waiting on llama4scout: 430/566 episodes
[2026-04-28T12:18:32Z]   qwen4b: 799 episodes (≥ 566) ✓
[2026-04-28T12:18:32Z]   gemma31b: 692 episodes (≥ 566) ✓
[2026-04-28T12:18:32Z]   waiting on llama4scout: 430/566 episodes
[2026-04-28T12:19:33Z]   qwen4b: 799 episodes (≥ 566) ✓
[2026-04-28T12:19:33Z]   gemma31b: 692 episodes (≥ 566) ✓
[2026-04-28T12:19:33Z]   waiting on llama4scout: 430/566 episodes
[2026-04-28T12:20:33Z]   qwen4b: 799 episodes (≥ 566) ✓
[2026-04-28T12:20:33Z]   gemma31b: 692 episodes (≥ 566) ✓
[2026-04-28T12:20:33Z]   waiting on llama4scout: 432/566 episodes
[2026-04-28T12:21:33Z]   qwen4b: 799 episodes (≥ 566) ✓
[2026-04-28T12:21:33Z]   gemma31b: 692 episodes (≥ 566) ✓
[2026-04-28T12:21:33Z]   waiting on llama4scout: 433/566 episodes
[2026-04-28T12:22:33Z]   qwen4b: 799 episodes (≥ 566) ✓
[2026-04-28T12:22:33Z]   gemma31b: 692 episodes (≥ 566) ✓
[2026-04-28T12:22:33Z]   waiting on llama4scout: 433/566 episodes
[2026-04-28T12:23:33Z]   qwen4b: 799 episodes (≥ 566) ✓
[2026-04-28T12:23:33Z]   gemma31b: 692 episodes (≥ 566) ✓
[2026-04-28T12:23:33Z]   waiting on llama4scout: 437/566 episodes
[2026-04-28T12:24:33Z]   qwen4b: 799 episodes (≥ 566) ✓
[2026-04-28T12:24:33Z]   gemma31b: 692 episodes (≥ 566) ✓
[2026-04-28T12:24:33Z]   waiting on llama4scout: 440/566 episodes
[2026-04-28T12:25:34Z]   qwen4b: 799 episodes (≥ 566) ✓
[2026-04-28T12:25:34Z]   gemma31b: 692 episodes (≥ 566) ✓
[2026-04-28T12:25:34Z]   waiting on llama4scout: 442/566 episodes
[2026-04-28T12:26:34Z]   qwen4b: 799 episodes (≥ 566) ✓
[2026-04-28T12:26:34Z]   gemma31b: 692 episodes (≥ 566) ✓
[2026-04-28T12:26:34Z]   waiting on llama4scout: 442/566 episodes
[2026-04-28T12:27:34Z]   qwen4b: 799 episodes (≥ 566) ✓
[2026-04-28T12:27:34Z]   gemma31b: 692 episodes (≥ 566) ✓
[2026-04-28T12:27:34Z]   waiting on llama4scout: 442/566 episodes
[2026-04-28T12:28:34Z]   qwen4b: 799 episodes (≥ 566) ✓
[2026-04-28T12:28:34Z]   gemma31b: 692 episodes (≥ 566) ✓
[2026-04-28T12:28:34Z]   waiting on llama4scout: 444/566 episodes
[2026-04-28T12:29:34Z]   qwen4b: 799 episodes (≥ 566) ✓
[2026-04-28T12:29:34Z]   gemma31b: 692 episodes (≥ 566) ✓
[2026-04-28T12:29:34Z]   waiting on llama4scout: 445/566 episodes
[2026-04-28T12:30:34Z]   qwen4b: 799 episodes (≥ 566) ✓
[2026-04-28T12:30:34Z]   gemma31b: 692 episodes (≥ 566) ✓
[2026-04-28T12:30:34Z]   waiting on llama4scout: 446/566 episodes
[2026-04-28T12:31:34Z]   qwen4b: 799 episodes (≥ 566) ✓
[2026-04-28T12:31:34Z]   gemma31b: 692 episodes (≥ 566) ✓
[2026-04-28T12:31:34Z]   waiting on llama4scout: 451/566 episodes
[2026-04-28T12:32:34Z]   qwen4b: 799 episodes (≥ 566) ✓
[2026-04-28T12:32:34Z]   gemma31b: 692 episodes (≥ 566) ✓
[2026-04-28T12:32:34Z]   waiting on llama4scout: 454/566 episodes
[2026-04-28T12:33:34Z]   qwen4b: 799 episodes (≥ 566) ✓
[2026-04-28T12:33:34Z]   gemma31b: 692 episodes (≥ 566) ✓
[2026-04-28T12:33:34Z]   waiting on llama4scout: 454/566 episodes
[2026-04-28T12:34:34Z]   qwen4b: 799 episodes (≥ 566) ✓
[2026-04-28T12:34:34Z]   gemma31b: 692 episodes (≥ 566) ✓
[2026-04-28T12:34:34Z]   waiting on llama4scout: 454/566 episodes
[2026-04-28T12:35:34Z]   qwen4b: 799 episodes (≥ 566) ✓
[2026-04-28T12:35:34Z]   gemma31b: 692 episodes (≥ 566) ✓
[2026-04-28T12:35:34Z]   waiting on llama4scout: 456/566 episodes
[2026-04-28T12:36:34Z]   qwen4b: 799 episodes (≥ 566) ✓
[2026-04-28T12:36:34Z]   gemma31b: 692 episodes (≥ 566) ✓
[2026-04-28T12:36:34Z]   waiting on llama4scout: 456/566 episodes
[2026-04-28T12:37:34Z]   qwen4b: 799 episodes (≥ 566) ✓
[2026-04-28T12:37:34Z]   gemma31b: 692 episodes (≥ 566) ✓
[2026-04-28T12:37:34Z]   waiting on llama4scout: 457/566 episodes
[2026-04-28T12:38:34Z]   qwen4b: 799 episodes (≥ 566) ✓
[2026-04-28T12:38:35Z]   gemma31b: 692 episodes (≥ 566) ✓
[2026-04-28T12:38:35Z]   waiting on llama4scout: 458/566 episodes
[2026-04-28T12:39:35Z]   qwen4b: 799 episodes (≥ 566) ✓
[2026-04-28T12:39:35Z]   gemma31b: 692 episodes (≥ 566) ✓
[2026-04-28T12:39:35Z]   waiting on llama4scout: 463/566 episodes
[2026-04-28T12:40:35Z]   qwen4b: 799 episodes (≥ 566) ✓
[2026-04-28T12:40:35Z]   gemma31b: 692 episodes (≥ 566) ✓
[2026-04-28T12:40:35Z]   waiting on llama4scout: 466/566 episodes
[2026-04-28T12:41:35Z]   qwen4b: 799 episodes (≥ 566) ✓
[2026-04-28T12:41:35Z]   gemma31b: 692 episodes (≥ 566) ✓
[2026-04-28T12:41:35Z]   waiting on llama4scout: 466/566 episodes
[2026-04-28T12:42:35Z]   qwen4b: 799 episodes (≥ 566) ✓
[2026-04-28T12:42:35Z]   gemma31b: 692 episodes (≥ 566) ✓
[2026-04-28T12:42:35Z]   waiting on llama4scout: 468/566 episodes
[2026-04-28T12:43:35Z]   qwen4b: 799 episodes (≥ 566) ✓
[2026-04-28T12:43:35Z]   gemma31b: 692 episodes (≥ 566) ✓
[2026-04-28T12:43:35Z]   waiting on llama4scout: 468/566 episodes
[2026-04-28T12:44:35Z]   qwen4b: 799 episodes (≥ 566) ✓
[2026-04-28T12:44:35Z]   gemma31b: 692 episodes (≥ 566) ✓
[2026-04-28T12:44:35Z]   waiting on llama4scout: 470/566 episodes
[2026-04-28T12:45:35Z]   qwen4b: 799 episodes (≥ 566) ✓
[2026-04-28T12:45:35Z]   gemma31b: 692 episodes (≥ 566) ✓
[2026-04-28T12:45:35Z]   waiting on llama4scout: 470/566 episodes
[2026-04-28T12:46:35Z]   qwen4b: 799 episodes (≥ 566) ✓
[2026-04-28T12:46:35Z]   gemma31b: 692 episodes (≥ 566) ✓
[2026-04-28T12:46:35Z]   waiting on llama4scout: 474/566 episodes
[2026-04-28T12:47:35Z]   qwen4b: 799 episodes (≥ 566) ✓
[2026-04-28T12:47:35Z]   gemma31b: 692 episodes (≥ 566) ✓
[2026-04-28T12:47:35Z]   waiting on llama4scout: 477/566 episodes
[2026-04-28T12:48:35Z]   qwen4b: 799 episodes (≥ 566) ✓
[2026-04-28T12:48:35Z]   gemma31b: 692 episodes (≥ 566) ✓
[2026-04-28T12:48:35Z]   waiting on llama4scout: 478/566 episodes
[2026-04-28T12:49:35Z]   qwen4b: 799 episodes (≥ 566) ✓
[2026-04-28T12:49:35Z]   gemma31b: 692 episodes (≥ 566) ✓
[2026-04-28T12:49:36Z]   waiting on llama4scout: 478/566 episodes
[2026-04-28T12:50:36Z]   qwen4b: 799 episodes (≥ 566) ✓
[2026-04-28T12:50:36Z]   gemma31b: 692 episodes (≥ 566) ✓
[2026-04-28T12:50:36Z]   waiting on llama4scout: 479/566 episodes
[2026-04-28T12:51:36Z]   qwen4b: 799 episodes (≥ 566) ✓
[2026-04-28T12:51:36Z]   gemma31b: 692 episodes (≥ 566) ✓
[2026-04-28T12:51:36Z]   waiting on llama4scout: 480/566 episodes
[2026-04-28T12:52:36Z]   qwen4b: 799 episodes (≥ 566) ✓
[2026-04-28T12:52:36Z]   gemma31b: 692 episodes (≥ 566) ✓
[2026-04-28T12:52:36Z]   waiting on llama4scout: 482/566 episodes
[2026-04-28T12:53:36Z]   qwen4b: 799 episodes (≥ 566) ✓
[2026-04-28T12:53:36Z]   gemma31b: 692 episodes (≥ 566) ✓
[2026-04-28T12:53:36Z]   waiting on llama4scout: 482/566 episodes
[2026-04-28T12:54:36Z]   qwen4b: 799 episodes (≥ 566) ✓
[2026-04-28T12:54:36Z]   gemma31b: 692 episodes (≥ 566) ✓
[2026-04-28T12:54:36Z]   waiting on llama4scout: 483/566 episodes
[2026-04-28T12:55:36Z]   qwen4b: 799 episodes (≥ 566) ✓
[2026-04-28T12:55:36Z]   gemma31b: 692 episodes (≥ 566) ✓
[2026-04-28T12:55:36Z]   waiting on llama4scout: 490/566 episodes
[2026-04-28T12:56:36Z]   qwen4b: 799 episodes (≥ 566) ✓
[2026-04-28T12:56:36Z]   gemma31b: 692 episodes (≥ 566) ✓
[2026-04-28T12:56:36Z]   waiting on llama4scout: 490/566 episodes
[2026-04-28T12:57:36Z]   qwen4b: 799 episodes (≥ 566) ✓
[2026-04-28T12:57:36Z]   gemma31b: 692 episodes (≥ 566) ✓
[2026-04-28T12:57:36Z]   waiting on llama4scout: 492/566 episodes
[2026-04-28T12:58:36Z]   qwen4b: 799 episodes (≥ 566) ✓
[2026-04-28T12:58:36Z]   gemma31b: 692 episodes (≥ 566) ✓
[2026-04-28T12:58:36Z]   waiting on llama4scout: 493/566 episodes
[2026-04-28T12:59:36Z]   qwen4b: 799 episodes (≥ 566) ✓
[2026-04-28T12:59:36Z]   gemma31b: 692 episodes (≥ 566) ✓
[2026-04-28T12:59:36Z]   waiting on llama4scout: 494/566 episodes
[2026-04-28T13:00:36Z]   qwen4b: 799 episodes (≥ 566) ✓
[2026-04-28T13:00:36Z]   gemma31b: 692 episodes (≥ 566) ✓
[2026-04-28T13:00:36Z]   waiting on llama4scout: 494/566 episodes
[2026-04-28T13:01:36Z]   qwen4b: 799 episodes (≥ 566) ✓
[2026-04-28T13:01:36Z]   gemma31b: 692 episodes (≥ 566) ✓
[2026-04-28T13:01:36Z]   waiting on llama4scout: 494/566 episodes
[2026-04-28T13:02:36Z]   qwen4b: 799 episodes (≥ 566) ✓
[2026-04-28T13:02:36Z]   gemma31b: 692 episodes (≥ 566) ✓
[2026-04-28T13:02:36Z]   waiting on llama4scout: 499/566 episodes
[2026-04-28T13:03:36Z]   qwen4b: 799 episodes (≥ 566) ✓
[2026-04-28T13:03:36Z]   gemma31b: 692 episodes (≥ 566) ✓
[2026-04-28T13:03:36Z]   waiting on llama4scout: 502/566 episodes
[2026-04-28T13:04:36Z]   qwen4b: 799 episodes (≥ 566) ✓
[2026-04-28T13:04:36Z]   gemma31b: 692 episodes (≥ 566) ✓
[2026-04-28T13:04:36Z]   waiting on llama4scout: 504/566 episodes
[2026-04-28T13:05:36Z]   qwen4b: 799 episodes (≥ 566) ✓
[2026-04-28T13:05:36Z]   gemma31b: 692 episodes (≥ 566) ✓
[2026-04-28T13:05:36Z]   waiting on llama4scout: 505/566 episodes
[2026-04-28T13:06:36Z]   qwen4b: 799 episodes (≥ 566) ✓
[2026-04-28T13:06:36Z]   gemma31b: 692 episodes (≥ 566) ✓
[2026-04-28T13:06:36Z]   waiting on llama4scout: 506/566 episodes
[2026-04-28T13:07:36Z]   qwen4b: 799 episodes (≥ 566) ✓
[2026-04-28T13:07:36Z]   gemma31b: 692 episodes (≥ 566) ✓
[2026-04-28T13:07:36Z]   waiting on llama4scout: 506/566 episodes
[2026-04-28T13:08:37Z]   qwen4b: 799 episodes (≥ 566) ✓
[2026-04-28T13:08:37Z]   gemma31b: 692 episodes (≥ 566) ✓
[2026-04-28T13:08:37Z]   waiting on llama4scout: 506/566 episodes
[2026-04-28T13:09:37Z]   qwen4b: 799 episodes (≥ 566) ✓
[2026-04-28T13:09:37Z]   gemma31b: 692 episodes (≥ 566) ✓
[2026-04-28T13:09:37Z]   waiting on llama4scout: 508/566 episodes
[2026-04-28T13:10:37Z]   qwen4b: 799 episodes (≥ 566) ✓
[2026-04-28T13:10:37Z]   gemma31b: 692 episodes (≥ 566) ✓
[2026-04-28T13:10:37Z]   waiting on llama4scout: 514/566 episodes
[2026-04-28T13:11:37Z]   qwen4b: 799 episodes (≥ 566) ✓
[2026-04-28T13:11:37Z]   gemma31b: 692 episodes (≥ 566) ✓
[2026-04-28T13:11:37Z]   waiting on llama4scout: 515/566 episodes
[2026-04-28T13:12:37Z]   qwen4b: 799 episodes (≥ 566) ✓
[2026-04-28T13:12:37Z]   gemma31b: 692 episodes (≥ 566) ✓
[2026-04-28T13:12:37Z]   waiting on llama4scout: 516/566 episodes
[2026-04-28T13:13:37Z]   qwen4b: 799 episodes (≥ 566) ✓
[2026-04-28T13:13:37Z]   gemma31b: 692 episodes (≥ 566) ✓
[2026-04-28T13:13:37Z]   waiting on llama4scout: 518/566 episodes
[2026-04-28T13:14:37Z]   qwen4b: 799 episodes (≥ 566) ✓
[2026-04-28T13:14:37Z]   gemma31b: 692 episodes (≥ 566) ✓
[2026-04-28T13:14:37Z]   waiting on llama4scout: 518/566 episodes
[2026-04-28T13:15:37Z]   qwen4b: 799 episodes (≥ 566) ✓
[2026-04-28T13:15:37Z]   gemma31b: 692 episodes (≥ 566) ✓
[2026-04-28T13:15:37Z]   waiting on llama4scout: 518/566 episodes
[2026-04-28T13:16:37Z]   qwen4b: 799 episodes (≥ 566) ✓
[2026-04-28T13:16:37Z]   gemma31b: 692 episodes (≥ 566) ✓
[2026-04-28T13:16:37Z]   waiting on llama4scout: 518/566 episodes
[2026-04-28T13:17:37Z]   qwen4b: 799 episodes (≥ 566) ✓
[2026-04-28T13:17:37Z]   gemma31b: 692 episodes (≥ 566) ✓
[2026-04-28T13:17:37Z]   waiting on llama4scout: 525/566 episodes
[2026-04-28T13:18:37Z]   qwen4b: 799 episodes (≥ 566) ✓
[2026-04-28T13:18:37Z]   gemma31b: 692 episodes (≥ 566) ✓
[2026-04-28T13:18:37Z]   waiting on llama4scout: 527/566 episodes
[2026-04-28T13:19:40Z] ==========================================================
[2026-04-28T13:19:40Z] v8 build queue starting; expected v7 models: qwen4b gemma31b llama4scout
[2026-04-28T13:19:40Z]   qwen4b: 799 episodes (≥ 566) ✓
[2026-04-28T13:19:40Z]   gemma31b: 692 episodes (≥ 566) ✓
[2026-04-28T13:19:40Z]   waiting on llama4scout: 528/566 episodes
[2026-04-28T13:20:40Z]   qwen4b: 799 episodes (≥ 566) ✓
[2026-04-28T13:20:40Z]   gemma31b: 692 episodes (≥ 566) ✓
[2026-04-28T13:20:40Z]   waiting on llama4scout: 529/566 episodes
[2026-04-28T13:21:40Z]   qwen4b: 799 episodes (≥ 566) ✓
[2026-04-28T13:21:40Z]   gemma31b: 692 episodes (≥ 566) ✓
[2026-04-28T13:21:40Z]   waiting on llama4scout: 530/566 episodes
[2026-04-28T13:22:41Z]   qwen4b: 799 episodes (≥ 566) ✓
[2026-04-28T13:22:41Z]   gemma31b: 692 episodes (≥ 566) ✓
[2026-04-28T13:22:41Z]   waiting on llama4scout: 530/566 episodes
[2026-04-28T13:23:41Z]   qwen4b: 799 episodes (≥ 566) ✓
[2026-04-28T13:23:41Z]   gemma31b: 692 episodes (≥ 566) ✓
[2026-04-28T13:23:41Z]   waiting on llama4scout: 530/566 episodes
[2026-04-28T13:24:11Z] ==========================================================
[2026-04-28T13:24:11Z] v8 build queue starting; expected v7 models: qwen4b gemma31b llama4scout nemotron30b
[2026-04-28T13:24:11Z]   qwen4b: 799 episodes (≥ 566) ✓
[2026-04-28T13:24:11Z]   gemma31b: 692 episodes (≥ 566) ✓
[2026-04-28T13:24:11Z]   waiting on llama4scout: 530/566 episodes
[2026-04-28T13:25:11Z]   qwen4b: 799 episodes (≥ 566) ✓
[2026-04-28T13:25:11Z]   gemma31b: 692 episodes (≥ 566) ✓
[2026-04-28T13:25:11Z]   waiting on llama4scout: 538/566 episodes
[2026-04-28T13:26:11Z]   qwen4b: 799 episodes (≥ 566) ✓
[2026-04-28T13:26:11Z]   gemma31b: 692 episodes (≥ 566) ✓
[2026-04-28T13:26:11Z]   waiting on llama4scout: 539/566 episodes
[2026-04-28T13:28:06Z] ==========================================================
[2026-04-28T13:28:06Z] v8 build queue starting; expected v7 models: qwen4b gemma31b llama4scout
[2026-04-28T13:28:06Z]   qwen4b: 799 episodes (≥ 566) ✓
[2026-04-28T13:28:06Z]   gemma31b: 692 episodes (≥ 566) ✓
[2026-04-28T13:28:06Z]   waiting on llama4scout: 541/566 episodes
[2026-04-28T13:29:06Z]   qwen4b: 799 episodes (≥ 566) ✓
[2026-04-28T13:29:06Z]   gemma31b: 692 episodes (≥ 566) ✓
[2026-04-28T13:29:06Z]   waiting on llama4scout: 542/566 episodes
[2026-04-28T13:30:06Z]   qwen4b: 799 episodes (≥ 566) ✓
[2026-04-28T13:30:06Z]   gemma31b: 692 episodes (≥ 566) ✓
[2026-04-28T13:30:06Z]   waiting on llama4scout: 542/566 episodes
[2026-04-28T13:31:06Z]   qwen4b: 799 episodes (≥ 566) ✓
[2026-04-28T13:31:06Z]   gemma31b: 692 episodes (≥ 566) ✓
[2026-04-28T13:31:06Z]   waiting on llama4scout: 542/566 episodes
[2026-04-28T13:32:06Z]   qwen4b: 799 episodes (≥ 566) ✓
[2026-04-28T13:32:06Z]   gemma31b: 692 episodes (≥ 566) ✓
[2026-04-28T13:32:06Z]   waiting on llama4scout: 542/566 episodes
[2026-04-28T13:33:06Z]   qwen4b: 799 episodes (≥ 566) ✓
[2026-04-28T13:33:06Z]   gemma31b: 692 episodes (≥ 566) ✓
[2026-04-28T13:33:06Z]   waiting on llama4scout: 551/566 episodes
[2026-04-28T13:34:06Z]   qwen4b: 799 episodes (≥ 566) ✓
[2026-04-28T13:34:06Z]   gemma31b: 692 episodes (≥ 566) ✓
[2026-04-28T13:34:06Z]   waiting on llama4scout: 554/566 episodes
[2026-04-28T13:35:06Z]   qwen4b: 799 episodes (≥ 566) ✓
[2026-04-28T13:35:06Z]   gemma31b: 692 episodes (≥ 566) ✓
[2026-04-28T13:35:06Z]   waiting on llama4scout: 554/566 episodes
[2026-04-28T13:36:06Z]   qwen4b: 799 episodes (≥ 566) ✓
[2026-04-28T13:36:06Z]   gemma31b: 692 episodes (≥ 566) ✓
[2026-04-28T13:36:06Z]   waiting on llama4scout: 554/566 episodes
[2026-04-28T13:37:06Z]   qwen4b: 799 episodes (≥ 566) ✓
[2026-04-28T13:37:06Z]   gemma31b: 692 episodes (≥ 566) ✓
[2026-04-28T13:37:06Z]   waiting on llama4scout: 554/566 episodes
[2026-04-28T13:38:06Z]   qwen4b: 799 episodes (≥ 566) ✓
[2026-04-28T13:38:06Z]   gemma31b: 692 episodes (≥ 566) ✓
[2026-04-28T13:38:06Z]   waiting on llama4scout: 554/566 episodes
[2026-04-28T13:39:06Z]   qwen4b: 799 episodes (≥ 566) ✓
[2026-04-28T13:39:06Z]   gemma31b: 692 episodes (≥ 566) ✓
[2026-04-28T13:39:06Z]   waiting on llama4scout: 555/566 episodes
[2026-04-28T13:40:06Z]   qwen4b: 799 episodes (≥ 566) ✓
[2026-04-28T13:40:06Z]   gemma31b: 692 episodes (≥ 566) ✓
[2026-04-28T13:40:06Z]   waiting on llama4scout: 558/566 episodes
[2026-04-28T13:41:06Z]   qwen4b: 799 episodes (≥ 566) ✓
[2026-04-28T13:41:06Z]   gemma31b: 692 episodes (≥ 566) ✓
[2026-04-28T13:41:06Z]   llama4scout: 566 episodes (≥ 566) ✓
[2026-04-28T13:41:06Z] Track 1 complete — proceeding to v8 build
[2026-04-28T13:41:06Z] Track 1 wait phase done.
[2026-04-28T13:41:07Z] Step 2: aggregate v6 + v7 → v8 verdict matrix.
[v8 build] loading v6 from evidence_pack/analysis/verdict_matrix_v6_typed.json
  v7 model dir deepseek_r1_7b_exp1: 710 json files
  v7 model dir deepseek_r1_7b_exp2: 710 json files
  v7 model dir deepseek_r1_7b_local1: 669 json files
  v7 model dir deepseek_r1_7b_local2: 669 json files
  v7 model dir gemma31b: 692 json files
  v7 model dir llama4scout: 566 json files
  v7 model dir oss120b: 710 json files
  v7 model dir oss120b_exp2: 710 json files
  v7 model dir oss120b_exp3: 710 json files
  v7 model dir qwen27b_local: 710 json files
  v7 model dir qwen35b_a3b_local: 685 json files
  v7 model dir qwen397b: 697 json files
  v7 model dir qwen397b_react_s2: 697 json files
  v7 model dir qwen4b: 799 json files
[v8 build] wrote evidence_pack/analysis/verdict_matrix_v8_typed.json
  v6 episodes:  19062
  v7 episodes:  9734
  v8 episodes:  28796
  v7 models:    ['deepseek_r1_7b_exp1', 'deepseek_r1_7b_exp2', 'deepseek_r1_7b_local1', 'deepseek_r1_7b_local2', 'gemma31b', 'llama4scout', 'oss120b', 'oss120b_exp2', 'oss120b_exp3', 'qwen27b_local', 'qwen35b_a3b_local', 'qwen397b', 'qwen397b_react_s2', 'qwen4b']
[2026-04-28T13:41:10Z] Step 3: re-run analysis pipeline on v8.
[2026-04-28T13:41:10Z]   [analysis] exp_d_disagreement: scripts/experiments/exp_d_disagreement_quantification.py --input evidence_pack/analysis/verdict_matrix_v8_typed.json --output evidence_pack/analysis/v8_exp_d.json
============================================================
EXP-D: Evaluation Disagreement Quantification
============================================================

[1/7] Loading data...
  Loaded 19062 episodes, 180 result JSONs

[2/7] Pairwise agreement...
  15 pairs computed. Mean kappa=0.1138, range=[-0.2017, 1.0000]

[3/7] Multi-evaluator agreement...
  Overall Fleiss' kappa=0.0540
    aki: -0.0539
    atrial_fibrillation: -0.0407
    chest_pain: 0.0355
    copd: 0.2798
    dka: -0.0788
    gi_bleeding: -0.0483
    heart_failure: -0.1724
    hypertensive_emergency: 0.1656
    other: 0.0119
    pneumonia: 0.0386
    pulmonary_embolism: -0.0504
    sepsis: -0.1722
    stroke: -0.0982

[4/7] Rank reversal analysis...
  Total rank reversals: 191
    DxEM vs AC-Proxy: rho=0.8000, reversals=7
    DxEM vs MAB-Proxy: rho=-0.2167, reversals=21
    DxEM vs C2: rho=0.5833, reversals=11
    DxEM vs ACov: rho=0.8000, reversals=7
    DxEM vs CGA-Bench: rho=0.1500, reversals=17
    AC-Proxy vs MAB-Proxy: rho=-0.0333, reversals=18
    AC-Proxy vs C2: rho=0.7833, reversals=8
    AC-Proxy vs ACov: rho=1.0000, reversals=0
    AC-Proxy vs CGA-Bench: rho=0.1667, reversals=16
    MAB-Proxy vs C2: rho=-0.0500, reversals=20
    MAB-Proxy vs ACov: rho=-0.0333, reversals=18
    MAB-Proxy vs CGA-Bench: rho=0.1167, reversals=16
    C2 vs ACov: rho=0.7833, reversals=8
    C2 vs CGA-Bench: rho=0.6833, reversals=8
    ACov vs CGA-Bench: rho=0.1667, reversals=16

[5/7] Effect size analysis...
  Most lenient: DxEM (100.0%)
  Most strict:  C2 (27.8%)
  Max gap: 0.7218 (95% CI: [0.7156, 0.7280])

[6/7] Statistical tests...
  Cochran's Q=29758.0619, p=0.00e+00
  McNemar significant (Bonferroni): 14/15

[7/7] Disagreement taxonomy...
  Disagreement episodes: 17544/19062 (92.0%)
    Type A: Timing: 10099 (57.6%)
    Type B: Forbidden: 1962 (11.2%)
    Type C: Completeness: 176 (1.0%)
    Type D: Partial credit: 7064 (40.3%)

Saving outputs...
  Saved: /home/anonymous-org/anonymous-project/AnonProject/cga_bench/evidence_pack/exp_d_disagreement.json
  Saved: /home/anonymous-org/anonymous-project/AnonProject/cga_bench/evidence_pack/exp_d_disagreement.md
  Saved: /home/anonymous-org/anonymous-project/AnonProject/cga_bench/evidence_pack/figures/exp_d_kappa_heatmap.png
  Saved: /home/anonymous-org/anonymous-project/AnonProject/cga_bench/evidence_pack/figures/exp_d_rank_reversal.png
  Saved: /home/anonymous-org/anonymous-project/AnonProject/cga_bench/evidence_pack/figures/exp_d_passrate_by_evaluator.png
  Saved: /home/anonymous-org/anonymous-project/AnonProject/cga_bench/evidence_pack/figures/exp_d_disagreement_taxonomy.png
  Saved: /home/anonymous-org/anonymous-project/AnonProject/cga_bench/evidence_pack/tables/evaluator_agreement.tex
  Saved: /home/anonymous-org/anonymous-project/AnonProject/cga_bench/evidence_pack/tables/rank_reversal.tex
  Saved: /home/anonymous-org/anonymous-project/AnonProject/cga_bench/evidence_pack/tables/disagreement_taxonomy.tex

EXP-D complete.
[2026-04-28T13:41:16Z]     ok
[2026-04-28T13:41:16Z]   [analysis] exp_e1_verdict_flip: scripts/experiments/exp_e1_verdict_flip.py --input evidence_pack/analysis/verdict_matrix_v8_typed.json --output evidence_pack/analysis/v8_exp_e1.json
============================================================
EXP-E1: Verdict-Flip & False-Accept Rate Analysis
============================================================

[1/4] Loading verdict matrix...
  Loaded 19062 episodes from verdict_matrix_v6.json
  N_EPISODES = 19062

[2/4] Computing verdict-flip prevalence...
  Flip count:    16331 / 19062
  Flip fraction: 0.8567 (85.7%)
  Per-pair disagreement counts:
    AC-Proxy vs MAB-Proxy: 5554
    AC-Proxy vs C2: 9985
    AC-Proxy vs CGA-Bench: 11680
    MAB-Proxy vs C2: 10063
    MAB-Proxy vs CGA-Bench: 11520
    C2 vs CGA-Bench: 7725

[3/4] Computing false-accept rates...
  Per-evaluator false-accept rates (FA = pass AND v4_hard=True):
    AC-Proxy: 8919/19062 = 0.4679
    MAB-Proxy: 6534/19062 = 0.3428
    C2: 2267/19062 = 0.1189
    CGA-Bench: 0/19062 = 0.0000
  All-oblivious FA: 2106/19062 = 0.1105
  Median n_viols among FA episodes per evaluator:
    AC-Proxy: 2.0 (over 8919 FA episodes)
    MAB-Proxy: 2.0 (over 6534 FA episodes)
    C2: 2.0 (over 2267 FA episodes)
    CGA-Bench: 0.0 (over 0 FA episodes)

[4/4] Saving outputs...
  Saved: /home/anonymous-org/anonymous-project/AnonProject/cga_bench/evidence_pack/exp_e1_verdict_flip.json
  Saved: /home/anonymous-org/anonymous-project/AnonProject/cga_bench/evidence_pack/tables/verdict_flip_matrix.tex

Done.
  Flip prevalence : 85.7% (16331/19062 episodes)
  Highest FA rate : AC-Proxy 0.4679
[2026-04-28T13:41:16Z]     ok
[2026-04-28T13:41:16Z]   [analysis] evaluator_agreement: scripts/evaluator_agreement.py --input evidence_pack/analysis/verdict_matrix_v8_typed.json --output evidence_pack/analysis/v8_evaluator_agreement.json
Loaded 19062 episodes

=== Pairwise Cohen's Kappa ===
  DxEM vs AC-Proxy: kappa=0.0000 (slight agreement)
  DxEM vs MAB-Proxy: kappa=0.0000 (slight agreement)
  DxEM vs C2: kappa=0.0000 (slight agreement)
  DxEM vs ACov: kappa=0.0000 (slight agreement)
  DxEM vs CGA-Bench: kappa=0.0000 (slight agreement)
  AC-Proxy vs MAB-Proxy: kappa=0.3999 (fair agreement)
  AC-Proxy vs C2: kappa=0.1540 (slight agreement)
  AC-Proxy vs ACov: kappa=1.0000 (almost perfect agreement)
  AC-Proxy vs CGA-Bench: kappa=0.1774 (slight agreement)
  MAB-Proxy vs C2: kappa=-0.0312 (poor agreement)
  MAB-Proxy vs ACov: kappa=0.3999 (fair agreement)
  MAB-Proxy vs CGA-Bench: kappa=0.2040 (fair agreement)
  C2 vs ACov: kappa=0.1540 (slight agreement)
  C2 vs CGA-Bench: kappa=-0.1348 (poor agreement)
  ACov vs CGA-Bench: kappa=0.1774 (slight agreement)

Fleiss' kappa (all 6 evaluators): kappa=0.1176
Interpretation: slight agreement

=== Per-Evaluator Pass Rates ===
  DxEM: 19062/19062 (100.0%)
  AC-Proxy: 14653/19062 (76.9%)
  MAB-Proxy: 10043/19062 (52.7%)
  C2: 5304/19062 (27.8%)
  ACov: 14653/19062 (76.9%)
  CGA-Bench: 10567/19062 (55.4%)

=== Top 20 Most-Disagreed Episodes ===
  aabb_t_combo_cardiac_liberal_threshold_jehovah_no_blood_35B_0: 3 pass / 3 fail (disagreement=0.50)
  aabb_t_combo_cardiac_liberal_threshold_jehovah_no_blood_35B_2: 3 pass / 3 fail (disagreement=0.50)
  aba_bu_combo_cyanide_hydroxocobalamin_chest_eschar_ventilation_Llama4-Scout-17B_1: 3 pass / 3 fail (disagreement=0.50)
  aba_bu_combo_pediatric_dextrose_cyanide_hydroxocobalamin_Llama4-Scout-17B_2: 3 pass / 3 fail (disagreement=0.50)
  aba_bu_combo_pediatric_dextrose_overresus_limit_Llama4-Scout-17B_2: 3 pass / 3 fail (disagreement=0.50)
  aba_burn_res_pathway_inhalation_injury_Llama4-Scout-17B_0: 3 pass / 3 fail (disagreement=0.50)
  acls_basic_shockable_no_calcium_without_indication_27B_0: 3 pass / 3 fail (disagreement=0.50)
  acls_basic_shockable_no_calcium_without_indication_27B_2: 3 pass / 3 fail (disagreement=0.50)
  acls_basic_shockable_no_calcium_without_indication_397B_2: 3 pass / 3 fail (disagreement=0.50)
  acls_cardiac_pathway_pea_arrest_4B_0: 3 pass / 3 fail (disagreement=0.50)
  acls_cardiac_pathway_pea_arrest_4B_1: 3 pass / 3 fail (disagreement=0.50)
  acls_cardiac_pathway_pea_arrest_4B_2: 3 pass / 3 fail (disagreement=0.50)
  acls_cardiac_pathway_pea_arrest_Gemma31B_0: 3 pass / 3 fail (disagreement=0.50)
  acls_cardiac_pathway_pea_arrest_Gemma31B_2: 3 pass / 3 fail (disagreement=0.50)
  acls_cardiac_pathway_pea_arrest_Llama4-Scout-17B_1: 3 pass / 3 fail (disagreement=0.50)
  acls_cardiac_pathway_pea_arrest_Llama4-Scout-17B_2: 3 pass / 3 fail (disagreement=0.50)
  acls_cardiac_pathway_vf_arrest_4B_0: 3 pass / 3 fail (disagreement=0.50)
  acls_cardiac_pathway_vf_arrest_4B_1: 3 pass / 3 fail (disagreement=0.50)
  acls_cardiac_pathway_vf_arrest_4B_2: 3 pass / 3 fail (disagreement=0.50)
  acls_cardiac_pathway_vf_arrest_Llama4-Scout-17B_0: 3 pass / 3 fail (disagreement=0.50)

Results saved to /home/anonymous-org/anonymous-project/AnonProject/cga_bench/evidence_pack/analysis/evaluator_agreement.json
[2026-04-28T13:41:17Z]     ok
[2026-04-28T13:41:17Z]   [analysis] core_vs_expansion: scripts/experiments/v6_core_vs_expansion.py --input evidence_pack/analysis/verdict_matrix_v8_typed.json --output evidence_pack/analysis/v8_core_vs_expansion.json
/home/anonymous-org/anaconda3/envs/allm2_ft/bin/python: can't open file '/home/anonymous-org/anonymous-project/AnonProject/cga_bench/scripts/experiments/v6_core_vs_expansion.py': [Errno 2] No such file or directory
[2026-04-28T13:41:17Z]     FAILED — continuing other steps
[2026-04-28T13:41:17Z] Step 3 done. See evidence_pack/frontier/v8_corpus_run_all.log for individual command results.
[2026-04-28T13:41:17Z] Step 4: regenerate auto_numbers from v8 outputs.
[2026-04-28T13:41:17Z]   [analysis] extract_auto_numbers: scripts/experiments/extract_auto_numbers.py --evidence-pack evidence_pack/analysis --suffix v8 --output paper/auto_numbers_v8.tex
======================================================================
Extract Auto-Numbers from E1–E5 Evidence Packs
======================================================================

Extracted 176 values total
  Saved: /home/anonymous-org/anonymous-project/AnonProject/cga_bench/evidence_pack/extracted_numbers.json

Updating auto_numbers.tex...
  Updated 2 existing macros
  Added 0 new macros

======================================================================
LaTeX macros (for copy-paste / verification):
======================================================================
  \bootstrapARI{0.991}  % exp_e5 > bootstrap_ari.mean
  \bootstrapARIHigh{1.0}  % exp_e5 > bootstrap_ari.ci_95[1]
  \bootstrapARILow{0.69}  % exp_e5 > bootstrap_ari.ci_95[0]
  \bsrAC{46.8}  % exp_e2 > bsr_results.AC-Proxy.bsr_rate * 100
  \bsrACov{46.8}  % exp_e2 > bsr_results.ACov (>=0.5).bsr_rate * 100
  \bsrCGA{0.0}  % exp_e2 > bsr_results.CGA-Bench.bsr_rate * 100
  \bsrCTwo{11.9}  % exp_e2 > bsr_results.C2 (>=0.7).bsr_rate * 100
  \bsrDxEM{55.4}  % exp_e2 > bsr_results.DxEM.bsr_rate * 100
  \bsrMAB{34.3}  % exp_e2 > bsr_results.MAB-Proxy.bsr_rate * 100
  \bsrMaxOblivious{55.4}  % computed: max(DxEM, AC, C2) BSR * 100
  \bsrMinOblivious{11.9}  % computed: min(DxEM, AC, C2) BSR * 100
  \bsrNAC{8919}  % exp_e2 > bsr_results.AC-Proxy.bsr_count
  \bsrNACov{8919}  % exp_e2 > bsr_results.ACov (>=0.5).bsr_count
  \bsrNCGA{0}  % exp_e2 > bsr_results.CGA-Bench.bsr_count
  \bsrNCTwo{2267}  % exp_e2 > bsr_results.C2 (>=0.7).bsr_count
  \bsrNDxEM{10567}  % exp_e2 > bsr_results.DxEM.bsr_count
  \bsrNMAB{6534}  % exp_e2 > bsr_results.MAB-Proxy.bsr_count
  \bsrNoOrderAC{42.2}  % exp_e3 > summaries.no_ordering.bsr_by_evaluator.ac_proxy * 100
  \bsrNoOrderACov{42.2}  % exp_e3 > summaries.no_ordering.bsr_by_evaluator.acov_pass * 100
  \bsrNoOrderCTwo{11.4}  % exp_e3 > summaries.no_ordering.bsr_by_evaluator.c2_pass * 100
  \bsrNoOrderDxEM{50.2}  % exp_e3 > summaries.no_ordering.bsr_by_evaluator.dxem * 100
  \bsrNoOrderMAB{29.2}  % exp_e3 > summaries.no_ordering.bsr_by_evaluator.mab_proxy * 100
  \bsrNoStateAC{41.1}  % exp_e3 > summaries.no_state.bsr_by_evaluator.ac_proxy * 100
  \bsrNoStateACov{41.1}  % exp_e3 > summaries.no_state.bsr_by_evaluator.acov_pass * 100
  \bsrNoStateCTwo{10.4}  % exp_e3 > summaries.no_state.bsr_by_evaluator.c2_pass * 100
  \bsrNoStateDxEM{48.6}  % exp_e3 > summaries.no_state.bsr_by_evaluator.dxem * 100
  \bsrNoStateMAB{28.5}  % exp_e3 > summaries.no_state.bsr_by_evaluator.mab_proxy * 100
  \bsrNoTimeAC{7.3}  % exp_e3 > summaries.no_timestamps.bsr_by_evaluator.ac_proxy * 100
  \bsrNoTimeACov{7.3}  % exp_e3 > summaries.no_timestamps.bsr_by_evaluator.acov_pass * 100
  \bsrNoTimeCTwo{1.8}  % exp_e3 > summaries.no_timestamps.bsr_by_evaluator.c2_pass * 100
  \bsrNoTimeDxEM{9.6}  % exp_e3 > summaries.no_timestamps.bsr_by_evaluator.dxem * 100
  \bsrNoTimeMAB{3.9}  % exp_e3 > summaries.no_timestamps.bsr_by_evaluator.mab_proxy * 100
  \bsrTerminalAC{0.0}  % exp_e3 > summaries.terminal_only.bsr_by_evaluator.ac_proxy * 100
  \bsrTerminalACov{0.0}  % exp_e3 > summaries.terminal_only.bsr_by_evaluator.acov_pass * 100
  \bsrTerminalCTwo{0.0}  % exp_e3 > summaries.terminal_only.bsr_by_evaluator.c2_pass * 100
  \bsrTerminalDxEM{0.0}  % exp_e3 > summaries.terminal_only.bsr_by_evaluator.dxem * 100
  \bsrTerminalMAB{0.0}  % exp_e3 > summaries.terminal_only.bsr_by_evaluator.mab_proxy * 100
  \clusterACProxyAt0p3{safety}  % exp_e5 > [email-redacted]
  \clusterACProxyAt0p4{safety}  % exp_e5 > [email-redacted]
  \clusterACProxyAt0p5{safety}  % exp_e5 > [email-redacted]
  \clusterACProxyAt0p6{coverage}  % exp_e5 > [email-redacted]
  \clusterC2At0p5{coverage}  % exp_e5 > [email-redacted]
  \clusterC2At0p6{coverage}  % exp_e5 > [email-redacted]
  \clusterC2At0p7{coverage}  % exp_e5 > [email-redacted]
  \clusterC2At0p8{coverage}  % exp_e5 > [email-redacted]
  \clusterCGABenchhard{cluster_2}  % exp_e5 > cluster_assignments.CGA-Bench(hard)
  \clusterCGABenchsoft{cluster_2}  % exp_e5 > cluster_assignments.CGA-Bench-soft
  \clusterMABProxyAt0p3{safety}  % exp_e5 > [email-redacted]
  \clusterMABProxyAt0p5{safety}  % exp_e5 > [email-redacted]
  \clusterPreservedE4{true}  % exp_e4 > cluster_preserved
  \clusterPreservedPct{100.0}  % exp_e5 > cluster_preserved_pct
  \cophenetic{0.746}  % exp_e5 > cophenetic_correlation
  \faAC{46.8}  % exp_e1 > false_accept_results.per_evaluator.AC-Proxy.fa_rate * 100
  \faAllOblivious{11.1}  % exp_e1 > false_accept_results.all_oblivious_fa_rate * 100
  \faAllObliviousCount{2106}  % exp_e1 > false_accept_results.all_oblivious_fa_count
  \faCGA{0.0}  % exp_e1 > false_accept_results.per_evaluator.CGA-Bench.fa_rate * 100
  \faCTwo{11.9}  % exp_e1 > false_accept_results.per_evaluator.C2.fa_rate * 100
  \faMAB{34.3}  % exp_e1 > false_accept_results.per_evaluator.MAB-Proxy.fa_rate * 100
  \faNAC{8919}  % exp_e1 > false_accept_results.per_evaluator.AC-Proxy.fa_count
  \faNCGA{0}  % exp_e1 > false_accept_results.per_evaluator.CGA-Bench.fa_count
  \faNCTwo{2267}  % exp_e1 > false_accept_results.per_evaluator.C2.fa_count
  \faNMAB{6534}  % exp_e1 > false_accept_results.per_evaluator.MAB-Proxy.fa_count
  \fleissKappaMatched{0.091}  % exp_e4 > operating_points.0.5.fleiss_kappa (representative)
  \fleissKappaMatchedFifty{0.091}  % exp_e4 > operating_points.0.5.fleiss_kappa
  \fleissKappaMatchedForty{0.115}  % exp_e4 > operating_points.0.4.fleiss_kappa
  \fleissKappaMatchedThirty{0.08}  % exp_e4 > operating_points.0.3.fleiss_kappa
  \instrFullHard{8553}  % exp_e3 > summaries.full.n_hard
  \instrFullHardRate{50.5}  % exp_e3 > summaries.full.hard_rate * 100
  \instrHardNoOrder{8514}  % exp_e3 > summaries.no_ordering.n_hard
  \instrHardNoState{8238}  % exp_e3 > summaries.no_state.n_hard
  \instrHardNoTime{1632}  % exp_e3 > summaries.no_timestamps.n_hard
  \instrHardTerminal{0}  % exp_e3 > summaries.terminal_only.n_hard
  \instrNoOrderLoss{0.5}  % computed: (full_hard - no_ordering_hard) / full_hard * 100
  \instrNoOrderRetain{99.5}  % computed: no_ordering_hard / full_hard * 100
  \instrNoStateLoss{3.7}  % computed: (full_hard - no_state_hard) / full_hard * 100
  \instrNoStateRetain{96.3}  % computed: no_state_hard / full_hard * 100
  \instrNoTimeLoss{80.9}  % computed: (full_hard - no_timestamps_hard) / full_hard * 100
  \instrNoTimeRetain{19.1}  % computed: no_timestamps_hard / full_hard * 100
  \instrOrderLoss{0.5}  % alias: instrNoOrderLoss
  \instrOrderRetain{99.5}  % alias: instrNoOrderRetain
  \instrStateLoss{3.7}  % alias: instrNoStateLoss
  \instrStateRetain{96.3}  % alias: instrNoStateRetain
  \instrTerminalLoss{100.0}  % computed: (full_hard - terminal_only_hard) / full_hard * 100
  \instrTerminalRetain{0.0}  % alias: instrTerminalRetain (should be 0)
  \instrTimingLoss{80.9}  % alias: instrNoTimeLoss
  \instrTimingRetain{19.1}  % alias: instrNoTimeRetain
  \instrViolLostBefore{283}  % exp_e3 > violation_loss.no_timestamps.BEFORE
  \instrViolLostBeforeNoOrder{283}  % exp_e3 > violation_loss.no_ordering.BEFORE
  \instrViolLostBeforeNoState{0}  % exp_e3 > violation_loss.no_state.BEFORE
  \instrViolLostBeforeNoTime{283}  % exp_e3 > violation_loss.no_timestamps.BEFORE
  \instrViolLostBeforeTerminal{283}  % exp_e3 > violation_loss.terminal_only.BEFORE
  \instrViolLostForbidden{2141}  % exp_e3 > violation_loss.no_state.FORBIDDEN
  \instrViolLostForbiddenNoOrder{0}  % exp_e3 > violation_loss.no_ordering.FORBIDDEN
  \instrViolLostForbiddenNoState{2141}  % exp_e3 > violation_loss.no_state.FORBIDDEN
  \instrViolLostForbiddenNoTime{0}  % exp_e3 > violation_loss.no_timestamps.FORBIDDEN
  \instrViolLostForbiddenTerminal{2141}  % exp_e3 > violation_loss.terminal_only.FORBIDDEN
  \instrViolLostWithin{14989}  % exp_e3 > violation_loss.no_timestamps.WITHIN
  \instrViolLostWithinNoOrder{0}  % exp_e3 > violation_loss.no_ordering.WITHIN
  \instrViolLostWithinNoState{0}  % exp_e3 > violation_loss.no_state.WITHIN
  \instrViolLostWithinNoTime{14989}  % exp_e3 > violation_loss.no_timestamps.WITHIN
  \instrViolLostWithinTerminal{14989}  % exp_e3 > violation_loss.terminal_only.WITHIN
  \kappaACvsCGAMatched{-0.123}  % exp_e4 > operating_points.0.5.pairwise_kappa.AC-Proxy vs CGA-Bench
  \kappaACvsCGAOpFifty{-0.123}  % exp_e4 > operating_points.0.5.pairwise_kappa.AC-Proxy vs CGA-Bench
  \kappaACvsCGAOpForty{-0.047}  % exp_e4 > operating_points.0.4.pairwise_kappa.AC-Proxy vs CGA-Bench
  \kappaACvsCGAOpThirty{-0.037}  % exp_e4 > operating_points.0.3.pairwise_kappa.AC-Proxy vs CGA-Bench
  \kappaACvsCTwoOpFifty{0.487}  % exp_e4 > operating_points.0.5.pairwise_kappa.AC-Proxy vs C2
  \kappaACvsCTwoOpForty{0.499}  % exp_e4 > operating_points.0.4.pairwise_kappa.AC-Proxy vs C2
  \kappaACvsCTwoOpThirty{0.511}  % exp_e4 > operating_points.0.3.pairwise_kappa.AC-Proxy vs C2
  \kappaACvsMABOpFifty{0.274}  % exp_e4 > operating_points.0.5.pairwise_kappa.AC-Proxy vs MAB-Proxy
  \kappaACvsMABOpForty{0.272}  % exp_e4 > operating_points.0.4.pairwise_kappa.AC-Proxy vs MAB-Proxy
  \kappaACvsMABOpThirty{0.181}  % exp_e4 > operating_points.0.3.pairwise_kappa.AC-Proxy vs MAB-Proxy
  \kappaCTwovsCGAOpFifty{0.092}  % exp_e4 > operating_points.0.5.pairwise_kappa.C2 vs CGA-Bench
  \kappaCTwovsCGAOpForty{0.123}  % exp_e4 > operating_points.0.4.pairwise_kappa.C2 vs CGA-Bench
  \kappaCTwovsCGAOpThirty{0.151}  % exp_e4 > operating_points.0.3.pairwise_kappa.C2 vs CGA-Bench
  \kappaMABvsCGAOpFifty{-0.213}  % exp_e4 > operating_points.0.5.pairwise_kappa.MAB-Proxy vs CGA-Bench
  \kappaMABvsCGAOpForty{-0.163}  % exp_e4 > operating_points.0.4.pairwise_kappa.MAB-Proxy vs CGA-Bench
  \kappaMABvsCGAOpThirty{-0.209}  % exp_e4 > operating_points.0.3.pairwise_kappa.MAB-Proxy vs CGA-Bench
  \kappaMABvsCTwoOpFifty{0.032}  % exp_e4 > operating_points.0.5.pairwise_kappa.MAB-Proxy vs C2
  \kappaMABvsCTwoOpForty{0.021}  % exp_e4 > operating_points.0.4.pairwise_kappa.MAB-Proxy vs C2
  \kappaMABvsCTwoOpThirty{-0.041}  % exp_e4 > operating_points.0.3.pairwise_kappa.MAB-Proxy vs C2
  \medDgAC{2.0}  % exp_e2 > bsr_results.AC-Proxy.median_n_viols
  \medDgACov{2.0}  % exp_e2 > bsr_results.ACov (>=0.5).median_n_viols
  \medDgCGA{0.0}  % exp_e2 > bsr_results.CGA-Bench.median_n_viols
  \medDgCTwo{2.0}  % exp_e2 > bsr_results.C2 (>=0.7).median_n_viols
  \medDgDxEM{2.0}  % exp_e2 > bsr_results.DxEM.median_n_viols
  \medDgMAB{2.0}  % exp_e2 > bsr_results.MAB-Proxy.median_n_viols
  \medViolFaCTwo{2.0}  % exp_e1 > median_viols_in_fa_episodes.C2.median_n_viols
  \medViolFaMAB{2.0}  % exp_e1 > median_viols_in_fa_episodes.MAB-Proxy.median_n_viols
  \medianViolFalseAccept{2.0}  % exp_e1 > median_viols_in_fa_episodes.AC-Proxy.median_n_viols
  \nBootstrap{1000}  % exp_e5 > bootstrap_ari.n_bootstrap
  \numClusters{3}  % exp_e5 > optimal_clusters
  \numEvaluatorsExpanded{12}  % exp_e5 > len(variants)
  \opPassRateACFifty{49.6}  % exp_e4 > operating_points.0.5.actual_pass_rates.AC-Proxy * 100
  \opPassRateACForty{40.3}  % exp_e4 > operating_points.0.4.actual_pass_rates.AC-Proxy * 100
  \opPassRateACThirty{31.5}  % exp_e4 > operating_points.0.3.actual_pass_rates.AC-Proxy * 100
  \opPassRateC2Fifty{51.5}  % exp_e4 > operating_points.0.5.actual_pass_rates.C2 * 100
  \opPassRateC2Forty{37.5}  % exp_e4 > operating_points.0.4.actual_pass_rates.C2 * 100
  \opPassRateC2Thirty{29.3}  % exp_e4 > operating_points.0.3.actual_pass_rates.C2 * 100
  \opPassRateCGAFifty{44.6}  % exp_e4 > operating_points.0.5.actual_pass_rates.CGA-Bench * 100
  \opPassRateCGAForty{44.6}  % exp_e4 > operating_points.0.4.actual_pass_rates.CGA-Bench * 100
  \opPassRateCGAThirty{44.6}  % exp_e4 > operating_points.0.3.actual_pass_rates.CGA-Bench * 100
  \opPassRateMABFifty{48.4}  % exp_e4 > operating_points.0.5.actual_pass_rates.MAB-Proxy * 100
  \opPassRateMABForty{37.3}  % exp_e4 > operating_points.0.4.actual_pass_rates.MAB-Proxy * 100
  \opPassRateMABThirty{29.1}  % exp_e4 > operating_points.0.3.actual_pass_rates.MAB-Proxy * 100
  \pairDisagreeMax{11680}  % exp_e1 > max(pair_disagreement_counts)
  \passRateACProxyAt0p3{91.4}  % exp_e5 > variants[name=[email-redacted]].pass_rate * 100
  \passRateACProxyAt0p4{85.3}  % exp_e5 > variants[name=[email-redacted]].pass_rate * 100
  \passRateACProxyAt0p5{76.9}  % exp_e5 > variants[name=[email-redacted]].pass_rate * 100
  \passRateACProxyAt0p6{59.5}  % exp_e5 > variants[name=[email-redacted]].pass_rate * 100
  \passRateC2At0p5{65.2}  % exp_e5 > variants[name=[email-redacted]].pass_rate * 100
  \passRateC2At0p6{45.7}  % exp_e5 > variants[name=[email-redacted]].pass_rate * 100
  \passRateC2At0p7{27.8}  % exp_e5 > variants[name=[email-redacted]].pass_rate * 100
  \passRateC2At0p8{12.0}  % exp_e5 > variants[name=[email-redacted]].pass_rate * 100
  \passRateCGABenchhard{44.6}  % exp_e5 > variants[name=CGA-Bench(hard)].pass_rate * 100
  \passRateCGABenchsoft{44.6}  % exp_e5 > variants[name=CGA-Bench-soft].pass_rate * 100
  \passRateMABProxyAt0p3{82.7}  % exp_e5 > variants[name=[email-redacted]].pass_rate * 100
  \passRateMABProxyAt0p5{52.9}  % exp_e5 > variants[name=[email-redacted]].pass_rate * 100
  \silhouetteScore{0.28}  % exp_e5 > silhouette_scores.2
  \verdictFlipCount{16331}  % exp_e1 > flip_results.flip_count
  \verdictFlipRate{85.7}  % exp_e1 > flip_results.flip_fraction * 100
  \verdictFlipRateMatched{81.5}  % exp_e4 > operating_points.0.5.verdict_flip_rate * 100 (representative)
  \verdictFlipRateMatchedFifty{81.5}  % exp_e4 > operating_points.0.5.verdict_flip_rate * 100
  \verdictFlipRateMatchedForty{75.8}  % exp_e4 > operating_points.0.4.verdict_flip_rate * 100
  \verdictFlipRateMatchedThirty{74.2}  % exp_e4 > operating_points.0.3.verdict_flip_rate * 100
  \vfACvsCGA{11680}  % exp_e1 > flip_results.pair_disagreement_counts.AC-Proxy vs CGA-Bench
  \vfACvsCGAPct{61.3}  % computed: AC-Proxy vs CGA-Bench count / 19062 * 100
  \vfACvsCTwo{9985}  % exp_e1 > flip_results.pair_disagreement_counts.AC-Proxy vs C2
  \vfACvsCTwoPct{52.4}  % computed: AC-Proxy vs C2 count / 19062 * 100
  \vfACvsMAB{5554}  % exp_e1 > flip_results.pair_disagreement_counts.AC-Proxy vs MAB-Proxy
  \vfACvsMABPct{29.1}  % computed: AC-Proxy vs MAB-Proxy count / 19062 * 100
  \vfCTwovsCGA{7725}  % exp_e1 > flip_results.pair_disagreement_counts.C2 vs CGA-Bench
  \vfCTwovsCGAPct{40.5}  % computed: C2 vs CGA-Bench count / 19062 * 100
  \vfMABvsCGA{11520}  % exp_e1 > flip_results.pair_disagreement_counts.MAB-Proxy vs CGA-Bench
  \vfMABvsCGAPct{60.4}  % computed: MAB-Proxy vs CGA-Bench count / 19062 * 100
  \vfMABvsCTwo{10063}  % exp_e1 > flip_results.pair_disagreement_counts.MAB-Proxy vs C2
  \vfMABvsCTwoPct{52.8}  % computed: MAB-Proxy vs C2 count / 19062 * 100
[2026-04-28T13:41:18Z]     ok
[2026-04-28T13:41:18Z] v8 build queue finished.
[2026-04-28T13:41:18Z] Next step (manual): inspect evidence_pack/analysis/v8_*.json + paper/auto_numbers_v8.tex
